22:16:02 **** Incremental Build of configuration Debug for project 01-GPIO-Test01 ****
make -j4 all 
arm-none-eabi-gcc "../Src/main.c" -mcpu=cortex-m4 -std=gnu11 -g3 -DDEBUG -DNUCLEO_F401RE -DSTM32 -DSTM32F401RETx -DSTM32F4 -c -I../Inc -O0 -ffunction-sections -fdata-sections -Wall -fstack-usage -fcyclomatic-complexity -MMD -MP -MF"Src/main.d" -MT"Src/main.o" --specs=nano.specs -mfpu=fpv4-sp-d16 -mfloat-abi=hard -mthumb -o "Src/main.o"
arm-none-eabi-gcc -o "01-GPIO-Test01.elf" @"objects.list"   -mcpu=cortex-m4 -T"D:\Engineering\Embedded\ARM_interfacing\ARM_Cortex_M4\04-APP\01-GPIO-Test01\STM32F401RETX_FLASH.ld" --specs=nosys.specs -Wl,-Map="01-GPIO-Test01.map" -Wl,--gc-sections -static --specs=nano.specs -mfpu=fpv4-sp-d16 -mfloat-abi=hard -mthumb -Wl,--start-group -lc -lm -Wl,--end-group
Finished building target: 01-GPIO-Test01.elf
 
arm-none-eabi-size   01-GPIO-Test01.elf 
arm-none-eabi-objdump -h -S  01-GPIO-Test01.elf  > "01-GPIO-Test01.list"
arm-none-eabi-objcopy  -O ihex  01-GPIO-Test01.elf  "01-GPIO-Test01.hex"
   text	   data	    bss	    dec	    hex	filename
   1056	     32	   1568	   2656	    a60	01-GPIO-Test01.elf
Finished building: default.size.stdout
 
Finished building: 01-GPIO-Test01.list
Finished building: 01-GPIO-Test01.hex
 
 

22:16:04 Build Finished. 0 errors, 0 warnings. (took 1s.424ms)

