20:22:12 **** Build of configuration Debug for project 01-GPIO-Test01 ****
make -j4 all 
arm-none-eabi-gcc -mcpu=cortex-m4 -g3 -DDEBUG -c -x assembler-with-cpp -MMD -MP -MF"Startup/startup_stm32f401retx.d" -MT"Startup/startup_stm32f401retx.o" --specs=nano.specs -mfpu=fpv4-sp-d16 -mfloat-abi=hard -mthumb -o "Startup/startup_stm32f401retx.o" "../Startup/startup_stm32f401retx.s"
arm-none-eabi-gcc "../Src/GPIO_program.c" -mcpu=cortex-m4 -std=gnu11 -g3 -DDEBUG -DNUCLEO_F401RE -DSTM32 -DSTM32F401RETx -DSTM32F4 -c -I../Inc -O0 -ffunction-sections -fdata-sections -Wall -fstack-usage -fcyclomatic-complexity -MMD -MP -MF"Src/GPIO_program.d" -MT"Src/GPIO_program.o" --specs=nano.specs -mfpu=fpv4-sp-d16 -mfloat-abi=hard -mthumb -o "Src/GPIO_program.o"
arm-none-eabi-gcc "../Src/RCC_program.c" -mcpu=cortex-m4 -std=gnu11 -g3 -DDEBUG -DNUCLEO_F401RE -DSTM32 -DSTM32F401RETx -DSTM32F4 -c -I../Inc -O0 -ffunction-sections -fdata-sections -Wall -fstack-usage -fcyclomatic-complexity -MMD -MP -MF"Src/RCC_program.d" -MT"Src/RCC_program.o" --specs=nano.specs -mfpu=fpv4-sp-d16 -mfloat-abi=hard -mthumb -o "Src/RCC_program.o"
arm-none-eabi-gcc "../Src/main.c" -mcpu=cortex-m4 -std=gnu11 -g3 -DDEBUG -DNUCLEO_F401RE -DSTM32 -DSTM32F401RETx -DSTM32F4 -c -I../Inc -O0 -ffunction-sections -fdata-sections -Wall -fstack-usage -fcyclomatic-complexity -MMD -MP -MF"Src/main.d" -MT"Src/main.o" --specs=nano.specs -mfpu=fpv4-sp-d16 -mfloat-abi=hard -mthumb -o "Src/main.o"
../Src/main.c:15:6: warning: return type of 'main' is not 'int' [-Wmain]
   15 | void main(void){
      |      ^~~~
In file included from ../Src/GPIO_program.c:25:
../Src/../Inc/GPIO_private.h:39:89: warning: initialization discards 'volatile' qualifier from pointer target type [-Wdiscarded-qualifiers]
   39 | #define  GPIOA_BASE_ADDRESS                                                             ((volatile GPIO_t*) 0x40020000)
      |                                                                                         ^
../Src/GPIO_program.c:32:46: note: in expansion of macro 'GPIOA_BASE_ADDRESS'
   32 | static GPIO_t* GPIO_bases[GPIO_bases_max] = {GPIOA_BASE_ADDRESS,
      |                                              ^~~~~~~~~~~~~~~~~~
../Src/../Inc/GPIO_private.h:40:89: warning: initialization discards 'volatile' qualifier from pointer target type [-Wdiscarded-qualifiers]
   40 | #define  GPIOB_BASE_ADDRESS                                                             ((volatile GPIO_t*) 0x40020400)
      |                                                                                         ^
../Src/GPIO_program.c:33:90: note: in expansion of macro 'GPIOB_BASE_ADDRESS'
   33 |                                                                                          GPIOB_BASE_ADDRESS,
      |                                                                                          ^~~~~~~~~~~~~~~~~~
../Src/../Inc/GPIO_private.h:41:89: warning: initialization discards 'volatile' qualifier from pointer target type [-Wdiscarded-qualifiers]
   41 | #define  GPIOC_BASE_ADDRESS                                                             ((volatile GPIO_t*) 0x40020800)
      |                                                                                         ^
../Src/GPIO_program.c:34:90: note: in expansion of macro 'GPIOC_BASE_ADDRESS'
   34 |                                                                                          GPIOC_BASE_ADDRESS,
      |                                                                                          ^~~~~~~~~~~~~~~~~~
../Src/../Inc/GPIO_private.h:42:89: warning: initialization discards 'volatile' qualifier from pointer target type [-Wdiscarded-qualifiers]
   42 | #define  GPIOD_BASE_ADDRESS                                                             ((volatile GPIO_t*) 0x40020C00)
      |                                                                                         ^
../Src/GPIO_program.c:35:90: note: in expansion of macro 'GPIOD_BASE_ADDRESS'
   35 |                                                                                          GPIOD_BASE_ADDRESS,
      |                                                                                          ^~~~~~~~~~~~~~~~~~
../Src/../Inc/GPIO_private.h:43:89: warning: initialization discards 'volatile' qualifier from pointer target type [-Wdiscarded-qualifiers]
   43 | #define  GPIOE_BASE_ADDRESS                                                             ((volatile GPIO_t*) 0x40021000)
      |                                                                                         ^
../Src/GPIO_program.c:36:90: note: in expansion of macro 'GPIOE_BASE_ADDRESS'
   36 |                                                                                          GPIOE_BASE_ADDRESS,
      |                                                                                          ^~~~~~~~~~~~~~~~~~
../Src/../Inc/GPIO_private.h:44:89: warning: initialization discards 'volatile' qualifier from pointer target type [-Wdiscarded-qualifiers]
   44 | #define  GPIOH_BASE_ADDRESS                                                             ((volatile GPIO_t*) 0x40021C00)
      |                                                                                         ^
../Src/GPIO_program.c:37:90: note: in expansion of macro 'GPIOH_BASE_ADDRESS'
   37 |                                                                                          GPIOH_BASE_ADDRESS};
      |                                                                                          ^~~~~~~~~~~~~~~~~~
../Src/GPIO_program.c: In function 'GPIO_voidSetOutType':
../Src/GPIO_program.c:79:66: warning: implicit declaration of function 'CLR_BIT' [-Wimplicit-function-declaration]
   79 |                          case GPIOA_PORT: (copy_u8Type == LOW) ? CLR_BIT(GPIOA_OTYPER, copy_u8PIN) : SET_BIT(GPIOA_OTYPER, copy_u8PIN); break;
      |                                                                  ^~~~~~~
../Src/GPIO_program.c:79:102: warning: implicit declaration of function 'SET_BIT' [-Wimplicit-function-declaration]
   79 |                          case GPIOA_PORT: (copy_u8Type == LOW) ? CLR_BIT(GPIOA_OTYPER, copy_u8PIN) : SET_BIT(GPIOA_OTYPER, copy_u8PIN); break;
      |                                                                                                      ^~~~~~~
../Src/GPIO_program.c: In function 'GPIO_u8ReadData':
../Src/GPIO_program.c:167:58: warning: implicit declaration of function 'GET_BIT' [-Wimplicit-function-declaration]
  167 |                          case GPIOA_PORT: u8Local_Data = GET_BIT(GPIOA_IDR, copy_u8PIN); break;
      |                                                          ^~~~~~~
arm-none-eabi-gcc "../Src/syscalls.c" -mcpu=cortex-m4 -std=gnu11 -g3 -DDEBUG -DNUCLEO_F401RE -DSTM32 -DSTM32F401RETx -DSTM32F4 -c -I../Inc -O0 -ffunction-sections -fdata-sections -Wall -fstack-usage -fcyclomatic-complexity -MMD -MP -MF"Src/syscalls.d" -MT"Src/syscalls.o" --specs=nano.specs -mfpu=fpv4-sp-d16 -mfloat-abi=hard -mthumb -o "Src/syscalls.o"
arm-none-eabi-gcc "../Src/sysmem.c" -mcpu=cortex-m4 -std=gnu11 -g3 -DDEBUG -DNUCLEO_F401RE -DSTM32 -DSTM32F401RETx -DSTM32F4 -c -I../Inc -O0 -ffunction-sections -fdata-sections -Wall -fstack-usage -fcyclomatic-complexity -MMD -MP -MF"Src/sysmem.d" -MT"Src/sysmem.o" --specs=nano.specs -mfpu=fpv4-sp-d16 -mfloat-abi=hard -mthumb -o "Src/sysmem.o"
arm-none-eabi-gcc -o "01-GPIO-Test01.elf" @"objects.list"   -mcpu=cortex-m4 -T"D:\Engineering\Embedded\ARM_interfacing\ARM_Cortex_M4\04-APP\01-GPIO-Test01\STM32F401RETX_FLASH.ld" --specs=nosys.specs -Wl,-Map="01-GPIO-Test01.map" -Wl,--gc-sections -static --specs=nano.specs -mfpu=fpv4-sp-d16 -mfloat-abi=hard -mthumb -Wl,--start-group -lc -lm -Wl,--end-group
Finished building target: 01-GPIO-Test01.elf
 
arm-none-eabi-size   01-GPIO-Test01.elf 
arm-none-eabi-objdump -h -S  01-GPIO-Test01.elf  > "01-GPIO-Test01.list"
   text	   data	    bss	    dec	    hex	filename
   1132	     32	   1568	   2732	    aac	01-GPIO-Test01.elf
Finished building: default.size.stdout
 
Finished building: 01-GPIO-Test01.list
 
20:25:12 **** Incremental Build of configuration Debug for project 01-GPIO-Test01 ****
make -j4 all 
arm-none-eabi-gcc "../Src/main.c" -mcpu=cortex-m4 -std=gnu11 -g3 -DDEBUG -DNUCLEO_F401RE -DSTM32 -DSTM32F401RETx -DSTM32F4 -c -I../Inc -O0 -ffunction-sections -fdata-sections -Wall -fstack-usage -fcyclomatic-complexity -MMD -MP -MF"Src/main.d" -MT"Src/main.o" --specs=nano.specs -mfpu=fpv4-sp-d16 -mfloat-abi=hard -mthumb -o "Src/main.o"
arm-none-eabi-gcc -o "01-GPIO-Test01.elf" @"objects.list"   -mcpu=cortex-m4 -T"D:\Engineering\Embedded\ARM_interfacing\ARM_Cortex_M4\04-APP\01-GPIO-Test01\STM32F401RETX_FLASH.ld" --specs=nosys.specs -Wl,-Map="01-GPIO-Test01.map" -Wl,--gc-sections -static --specs=nano.specs -mfpu=fpv4-sp-d16 -mfloat-abi=hard -mthumb -Wl,--start-group -lc -lm -Wl,--end-group
Finished building target: 01-GPIO-Test01.elf
 
arm-none-eabi-size   01-GPIO-Test01.elf 
arm-none-eabi-objdump -h -S  01-GPIO-Test01.elf  > "01-GPIO-Test01.list"
   text	   data	    bss	    dec	    hex	filename
   1132	     32	   1568	   2732	    aac	01-GPIO-Test01.elf
Finished building: default.size.stdout
Finished building: 01-GPIO-Test01.list
 
 
20:25:27 **** Incremental Build of configuration Debug for project 01-GPIO-Test01 ****
make -j4 all 
arm-none-eabi-size   01-GPIO-Test01.elf 
   text	   data	    bss	    dec	    hex	filename
   1132	     32	   1568	   2732	    aac	01-GPIO-Test01.elf
Finished building: default.size.stdout
 
20:27:09 **** Incremental Build of configuration Debug for project 01-GPIO-Test01 ****
make -j4 all 
arm-none-eabi-gcc "../Src/RCC_program.c" -mcpu=cortex-m4 -std=gnu11 -g3 -DDEBUG -DNUCLEO_F401RE -DSTM32 -DSTM32F401RETx -DSTM32F4 -c -I../Inc -O0 -ffunction-sections -fdata-sections -Wall -fstack-usage -fcyclomatic-complexity -MMD -MP -MF"Src/RCC_program.d" -MT"Src/RCC_program.o" --specs=nano.specs -mfpu=fpv4-sp-d16 -mfloat-abi=hard -mthumb -o "Src/RCC_program.o"
arm-none-eabi-gcc -o "01-GPIO-Test01.elf" @"objects.list"   -mcpu=cortex-m4 -T"D:\Engineering\Embedded\ARM_interfacing\ARM_Cortex_M4\04-APP\01-GPIO-Test01\STM32F401RETX_FLASH.ld" --specs=nosys.specs -Wl,-Map="01-GPIO-Test01.map" -Wl,--gc-sections -static --specs=nano.specs -mfpu=fpv4-sp-d16 -mfloat-abi=hard -mthumb -Wl,--start-group -lc -lm -Wl,--end-group
Finished building target: 01-GPIO-Test01.elf
 
arm-none-eabi-size   01-GPIO-Test01.elf 
arm-none-eabi-objdump -h -S  01-GPIO-Test01.elf  > "01-GPIO-Test01.list"
   text	   data	    bss	    dec	    hex	filename
   1120	     32	   1568	   2720	    aa0	01-GPIO-Test01.elf
Finished building: default.size.stdout
 
Finished building: 01-GPIO-Test01.list
 
20:27:12 **** Incremental Build of configuration Debug for project 01-GPIO-Test01 ****
make -j4 all 
arm-none-eabi-size   01-GPIO-Test01.elf 
   text	   data	    bss	    dec	    hex	filename
   1120	     32	   1568	   2720	    aa0	01-GPIO-Test01.elf
Finished building: default.size.stdout
 
20:30:52 **** Incremental Build of configuration Debug for project 01-GPIO-Test01 ****
make -j4 all 
arm-none-eabi-gcc "../Src/GPIO_program.c" -mcpu=cortex-m4 -std=gnu11 -g3 -DDEBUG -DNUCLEO_F401RE -DSTM32 -DSTM32F401RETx -DSTM32F4 -c -I../Inc -O0 -ffunction-sections -fdata-sections -Wall -fstack-usage -fcyclomatic-complexity -MMD -MP -MF"Src/GPIO_program.d" -MT"Src/GPIO_program.o" --specs=nano.specs -mfpu=fpv4-sp-d16 -mfloat-abi=hard -mthumb -o "Src/GPIO_program.o"
In file included from ../Src/GPIO_program.c:25:
../Src/../Inc/GPIO_private.h:39:89: warning: initialization discards 'volatile' qualifier from pointer target type [-Wdiscarded-qualifiers]
   39 | #define  GPIOA_BASE_ADDRESS                                                             ((volatile GPIO_t*) 0x40020000u)
      |                                                                                         ^
../Src/GPIO_program.c:32:46: note: in expansion of macro 'GPIOA_BASE_ADDRESS'
   32 | static GPIO_t* GPIO_bases[GPIO_bases_max] = {GPIOA_BASE_ADDRESS,
      |                                              ^~~~~~~~~~~~~~~~~~
../Src/../Inc/GPIO_private.h:40:89: warning: initialization discards 'volatile' qualifier from pointer target type [-Wdiscarded-qualifiers]
   40 | #define  GPIOB_BASE_ADDRESS                                                             ((volatile GPIO_t*) 0x40020400u)
      |                                                                                         ^
../Src/GPIO_program.c:33:90: note: in expansion of macro 'GPIOB_BASE_ADDRESS'
   33 |                                                                                          GPIOB_BASE_ADDRESS,
      |                                                                                          ^~~~~~~~~~~~~~~~~~
../Src/../Inc/GPIO_private.h:41:89: warning: initialization discards 'volatile' qualifier from pointer target type [-Wdiscarded-qualifiers]
   41 | #define  GPIOC_BASE_ADDRESS                                                             ((volatile GPIO_t*) 0x40020800u)
      |                                                                                         ^
../Src/GPIO_program.c:34:90: note: in expansion of macro 'GPIOC_BASE_ADDRESS'
   34 |                                                                                          GPIOC_BASE_ADDRESS,
      |                                                                                          ^~~~~~~~~~~~~~~~~~
../Src/../Inc/GPIO_private.h:42:89: warning: initialization discards 'volatile' qualifier from pointer target type [-Wdiscarded-qualifiers]
   42 | #define  GPIOD_BASE_ADDRESS                                                             ((volatile GPIO_t*) 0x40020C00u)
      |                                                                                         ^
../Src/GPIO_program.c:35:90: note: in expansion of macro 'GPIOD_BASE_ADDRESS'
   35 |                                                                                          GPIOD_BASE_ADDRESS,
      |                                                                                          ^~~~~~~~~~~~~~~~~~
../Src/../Inc/GPIO_private.h:43:89: warning: initialization discards 'volatile' qualifier from pointer target type [-Wdiscarded-qualifiers]
   43 | #define  GPIOE_BASE_ADDRESS                                                             ((volatile GPIO_t*) 0x40021000u)
      |                                                                                         ^
../Src/GPIO_program.c:36:90: note: in expansion of macro 'GPIOE_BASE_ADDRESS'
   36 |                                                                                          GPIOE_BASE_ADDRESS,
      |                                                                                          ^~~~~~~~~~~~~~~~~~
../Src/../Inc/GPIO_private.h:44:89: warning: initialization discards 'volatile' qualifier from pointer target type [-Wdiscarded-qualifiers]
   44 | #define  GPIOH_BASE_ADDRESS                                                             ((volatile GPIO_t*) 0x40021C00u)
      |                                                                                         ^
../Src/GPIO_program.c:37:90: note: in expansion of macro 'GPIOH_BASE_ADDRESS'
   37 |                                                                                          GPIOH_BASE_ADDRESS};
      |                                                                                          ^~~~~~~~~~~~~~~~~~
../Src/GPIO_program.c: In function 'GPIO_voidSetOutType':
../Src/GPIO_program.c:79:66: warning: implicit declaration of function 'CLR_BIT' [-Wimplicit-function-declaration]
   79 |                          case GPIOA_PORT: (copy_u8Type == LOW) ? CLR_BIT(GPIOA_OTYPER, copy_u8PIN) : SET_BIT(GPIOA_OTYPER, copy_u8PIN); break;
      |                                                                  ^~~~~~~
../Src/GPIO_program.c:79:102: warning: implicit declaration of function 'SET_BIT' [-Wimplicit-function-declaration]
   79 |                          case GPIOA_PORT: (copy_u8Type == LOW) ? CLR_BIT(GPIOA_OTYPER, copy_u8PIN) : SET_BIT(GPIOA_OTYPER, copy_u8PIN); break;
      |                                                                                                      ^~~~~~~
../Src/GPIO_program.c: In function 'GPIO_u8ReadData':
../Src/GPIO_program.c:167:58: warning: implicit declaration of function 'GET_BIT' [-Wimplicit-function-declaration]
  167 |                          case GPIOA_PORT: u8Local_Data = GET_BIT(GPIOA_IDR, copy_u8PIN); break;
      |                                                          ^~~~~~~
arm-none-eabi-gcc -o "01-GPIO-Test01.elf" @"objects.list"   -mcpu=cortex-m4 -T"D:\Engineering\Embedded\ARM_interfacing\ARM_Cortex_M4\04-APP\01-GPIO-Test01\STM32F401RETX_FLASH.ld" --specs=nosys.specs -Wl,-Map="01-GPIO-Test01.map" -Wl,--gc-sections -static --specs=nano.specs -mfpu=fpv4-sp-d16 -mfloat-abi=hard -mthumb -Wl,--start-group -lc -lm -Wl,--end-group
Finished building target: 01-GPIO-Test01.elf
 
arm-none-eabi-size   01-GPIO-Test01.elf 
arm-none-eabi-objdump -h -S  01-GPIO-Test01.elf  > "01-GPIO-Test01.list"
   text	   data	    bss	    dec	    hex	filename
   1120	     32	   1568	   2720	    aa0	01-GPIO-Test01.elf
Finished building: default.size.stdout
 
Finished building: 01-GPIO-Test01.list
 
20:30:55 **** Incremental Build of configuration Debug for project 01-GPIO-Test01 ****
make -j4 all 
arm-none-eabi-size   01-GPIO-Test01.elf 
   text	   data	    bss	    dec	    hex	filename
   1120	     32	   1568	   2720	    aa0	01-GPIO-Test01.elf
Finished building: default.size.stdout
 
20:35:32 **** Incremental Build of configuration Debug for project 01-GPIO-Test01 ****
make -j4 all 
arm-none-eabi-gcc "../Src/GPIO_program.c" -mcpu=cortex-m4 -std=gnu11 -g3 -DDEBUG -DNUCLEO_F401RE -DSTM32 -DSTM32F401RETx -DSTM32F4 -c -I../Inc -O0 -ffunction-sections -fdata-sections -Wall -fstack-usage -fcyclomatic-complexity -MMD -MP -MF"Src/GPIO_program.d" -MT"Src/GPIO_program.o" --specs=nano.specs -mfpu=fpv4-sp-d16 -mfloat-abi=hard -mthumb -o "Src/GPIO_program.o"
In file included from ../Src/GPIO_program.c:25:
../Src/../Inc/GPIO_private.h:39:89: warning: initialization discards 'volatile' qualifier from pointer target type [-Wdiscarded-qualifiers]
   39 | #define  GPIOA_BASE_ADDRESS                                                             ((volatile GPIO_t*) 0x40020000u)
      |                                                                                         ^
../Src/GPIO_program.c:32:39: note: in expansion of macro 'GPIOA_BASE_ADDRESS'
   32 | GPIO_t* GPIO_bases[GPIO_bases_max] = {GPIOA_BASE_ADDRESS,
      |                                       ^~~~~~~~~~~~~~~~~~
../Src/../Inc/GPIO_private.h:40:89: warning: initialization discards 'volatile' qualifier from pointer target type [-Wdiscarded-qualifiers]
   40 | #define  GPIOB_BASE_ADDRESS                                                             ((volatile GPIO_t*) 0x40020400u)
      |                                                                                         ^
../Src/GPIO_program.c:33:90: note: in expansion of macro 'GPIOB_BASE_ADDRESS'
   33 |                                                                                          GPIOB_BASE_ADDRESS,
      |                                                                                          ^~~~~~~~~~~~~~~~~~
../Src/../Inc/GPIO_private.h:41:89: warning: initialization discards 'volatile' qualifier from pointer target type [-Wdiscarded-qualifiers]
   41 | #define  GPIOC_BASE_ADDRESS                                                             ((volatile GPIO_t*) 0x40020800u)
      |                                                                                         ^
../Src/GPIO_program.c:34:90: note: in expansion of macro 'GPIOC_BASE_ADDRESS'
   34 |                                                                                          GPIOC_BASE_ADDRESS,
      |                                                                                          ^~~~~~~~~~~~~~~~~~
../Src/../Inc/GPIO_private.h:42:89: warning: initialization discards 'volatile' qualifier from pointer target type [-Wdiscarded-qualifiers]
   42 | #define  GPIOD_BASE_ADDRESS                                                             ((volatile GPIO_t*) 0x40020C00u)
      |                                                                                         ^
../Src/GPIO_program.c:35:90: note: in expansion of macro 'GPIOD_BASE_ADDRESS'
   35 |                                                                                          GPIOD_BASE_ADDRESS,
      |                                                                                          ^~~~~~~~~~~~~~~~~~
../Src/../Inc/GPIO_private.h:43:89: warning: initialization discards 'volatile' qualifier from pointer target type [-Wdiscarded-qualifiers]
   43 | #define  GPIOE_BASE_ADDRESS                                                             ((volatile GPIO_t*) 0x40021000u)
      |                                                                                         ^
../Src/GPIO_program.c:36:90: note: in expansion of macro 'GPIOE_BASE_ADDRESS'
   36 |                                                                                          GPIOE_BASE_ADDRESS,
      |                                                                                          ^~~~~~~~~~~~~~~~~~
../Src/../Inc/GPIO_private.h:44:89: warning: initialization discards 'volatile' qualifier from pointer target type [-Wdiscarded-qualifiers]
   44 | #define  GPIOH_BASE_ADDRESS                                                             ((volatile GPIO_t*) 0x40021C00u)
      |                                                                                         ^
../Src/GPIO_program.c:37:90: note: in expansion of macro 'GPIOH_BASE_ADDRESS'
   37 |                                                                                          GPIOH_BASE_ADDRESS};
      |                                                                                          ^~~~~~~~~~~~~~~~~~
../Src/GPIO_program.c: In function 'GPIO_voidSetOutType':
../Src/GPIO_program.c:79:66: warning: implicit declaration of function 'CLR_BIT' [-Wimplicit-function-declaration]
   79 |                          case GPIOA_PORT: (copy_u8Type == LOW) ? CLR_BIT(GPIOA_OTYPER, copy_u8PIN) : SET_BIT(GPIOA_OTYPER, copy_u8PIN); break;
      |                                                                  ^~~~~~~
../Src/GPIO_program.c:79:102: warning: implicit declaration of function 'SET_BIT' [-Wimplicit-function-declaration]
   79 |                          case GPIOA_PORT: (copy_u8Type == LOW) ? CLR_BIT(GPIOA_OTYPER, copy_u8PIN) : SET_BIT(GPIOA_OTYPER, copy_u8PIN); break;
      |                                                                                                      ^~~~~~~
../Src/GPIO_program.c: In function 'GPIO_u8ReadData':
../Src/GPIO_program.c:167:58: warning: implicit declaration of function 'GET_BIT' [-Wimplicit-function-declaration]
  167 |                          case GPIOA_PORT: u8Local_Data = GET_BIT(GPIOA_IDR, copy_u8PIN); break;
      |                                                          ^~~~~~~
arm-none-eabi-gcc -o "01-GPIO-Test01.elf" @"objects.list"   -mcpu=cortex-m4 -T"D:\Engineering\Embedded\ARM_interfacing\ARM_Cortex_M4\04-APP\01-GPIO-Test01\STM32F401RETX_FLASH.ld" --specs=nosys.specs -Wl,-Map="01-GPIO-Test01.map" -Wl,--gc-sections -static --specs=nano.specs -mfpu=fpv4-sp-d16 -mfloat-abi=hard -mthumb -Wl,--start-group -lc -lm -Wl,--end-group
Finished building target: 01-GPIO-Test01.elf
 
arm-none-eabi-size   01-GPIO-Test01.elf 
arm-none-eabi-objdump -h -S  01-GPIO-Test01.elf  > "01-GPIO-Test01.list"
   text	   data	    bss	    dec	    hex	filename
   1120	     32	   1568	   2720	    aa0	01-GPIO-Test01.elf
Finished building: default.size.stdout
 
Finished building: 01-GPIO-Test01.list
 
20:38:11 **** Incremental Build of configuration Debug for project 01-GPIO-Test01 ****
make -j4 all 
arm-none-eabi-gcc "../Src/GPIO_program.c" -mcpu=cortex-m4 -std=gnu11 -g3 -DDEBUG -DNUCLEO_F401RE -DSTM32 -DSTM32F401RETx -DSTM32F4 -c -I../Inc -O0 -ffunction-sections -fdata-sections -Wall -fstack-usage -fcyclomatic-complexity -MMD -MP -MF"Src/GPIO_program.d" -MT"Src/GPIO_program.o" --specs=nano.specs -mfpu=fpv4-sp-d16 -mfloat-abi=hard -mthumb -o "Src/GPIO_program.o"
../Src/GPIO_program.c: In function 'GPIO_voidSetOutType':
../Src/GPIO_program.c:79:66: warning: implicit declaration of function 'CLR_BIT' [-Wimplicit-function-declaration]
   79 |                          case GPIOA_PORT: (copy_u8Type == LOW) ? CLR_BIT(GPIOA_OTYPER, copy_u8PIN) : SET_BIT(GPIOA_OTYPER, copy_u8PIN); break;
      |                                                                  ^~~~~~~
../Src/GPIO_program.c:79:102: warning: implicit declaration of function 'SET_BIT' [-Wimplicit-function-declaration]
   79 |                          case GPIOA_PORT: (copy_u8Type == LOW) ? CLR_BIT(GPIOA_OTYPER, copy_u8PIN) : SET_BIT(GPIOA_OTYPER, copy_u8PIN); break;
      |                                                                                                      ^~~~~~~
../Src/GPIO_program.c: In function 'GPIO_u8ReadData':
../Src/GPIO_program.c:167:58: warning: implicit declaration of function 'GET_BIT' [-Wimplicit-function-declaration]
  167 |                          case GPIOA_PORT: u8Local_Data = GET_BIT(GPIOA_IDR, copy_u8PIN); break;
      |                                                          ^~~~~~~
arm-none-eabi-gcc -o "01-GPIO-Test01.elf" @"objects.list"   -mcpu=cortex-m4 -T"D:\Engineering\Embedded\ARM_interfacing\ARM_Cortex_M4\04-APP\01-GPIO-Test01\STM32F401RETX_FLASH.ld" --specs=nosys.specs -Wl,-Map="01-GPIO-Test01.map" -Wl,--gc-sections -static --specs=nano.specs -mfpu=fpv4-sp-d16 -mfloat-abi=hard -mthumb -Wl,--start-group -lc -lm -Wl,--end-group
Finished building target: 01-GPIO-Test01.elf
 
arm-none-eabi-size   01-GPIO-Test01.elf 
arm-none-eabi-objdump -h -S  01-GPIO-Test01.elf  > "01-GPIO-Test01.list"
   text	   data	    bss	    dec	    hex	filename
   1120	     32	   1568	   2720	    aa0	01-GPIO-Test01.elf
Finished building: default.size.stdout
 
Finished building: 01-GPIO-Test01.list
 
20:38:26 **** Incremental Build of configuration Debug for project 01-GPIO-Test01 ****
make -j4 all 
arm-none-eabi-size   01-GPIO-Test01.elf 
   text	   data	    bss	    dec	    hex	filename
   1120	     32	   1568	   2720	    aa0	01-GPIO-Test01.elf
Finished building: default.size.stdout
 
20:51:58 **** Incremental Build of configuration Debug for project 01-GPIO-Test01 ****
make -j4 all 
arm-none-eabi-gcc "../Src/GPIO_program.c" -mcpu=cortex-m4 -std=gnu11 -g3 -DDEBUG -DNUCLEO_F401RE -DSTM32 -DSTM32F401RETx -DSTM32F4 -c -I../Inc -O0 -ffunction-sections -fdata-sections -Wall -fstack-usage -fcyclomatic-complexity -MMD -MP -MF"Src/GPIO_program.d" -MT"Src/GPIO_program.o" --specs=nano.specs -mfpu=fpv4-sp-d16 -mfloat-abi=hard -mthumb -o "Src/GPIO_program.o"
../Src/GPIO_program.c: In function 'GPIO_voidSetOutType':
../Src/GPIO_program.c:84:66: warning: implicit declaration of function 'CLR_BIT' [-Wimplicit-function-declaration]
   84 |                          case GPIOA_PORT: (copy_u8Type == LOW) ? CLR_BIT(GPIOA_OTYPER, copy_u8PIN) : SET_BIT(GPIOA_OTYPER, copy_u8PIN); break;
      |                                                                  ^~~~~~~
../Src/GPIO_program.c:84:102: warning: implicit declaration of function 'SET_BIT' [-Wimplicit-function-declaration]
   84 |                          case GPIOA_PORT: (copy_u8Type == LOW) ? CLR_BIT(GPIOA_OTYPER, copy_u8PIN) : SET_BIT(GPIOA_OTYPER, copy_u8PIN); break;
      |                                                                                                      ^~~~~~~
../Src/GPIO_program.c: In function 'GPIO_u8ReadData':
../Src/GPIO_program.c:172:58: warning: implicit declaration of function 'GET_BIT' [-Wimplicit-function-declaration]
  172 |                          case GPIOA_PORT: u8Local_Data = GET_BIT(GPIOA_IDR, copy_u8PIN); break;
      |                                                          ^~~~~~~
arm-none-eabi-gcc -o "01-GPIO-Test01.elf" @"objects.list"   -mcpu=cortex-m4 -T"D:\Engineering\Embedded\ARM_interfacing\ARM_Cortex_M4\04-APP\01-GPIO-Test01\STM32F401RETX_FLASH.ld" --specs=nosys.specs -Wl,-Map="01-GPIO-Test01.map" -Wl,--gc-sections -static --specs=nano.specs -mfpu=fpv4-sp-d16 -mfloat-abi=hard -mthumb -Wl,--start-group -lc -lm -Wl,--end-group
Finished building target: 01-GPIO-Test01.elf
 
arm-none-eabi-size   01-GPIO-Test01.elf 
arm-none-eabi-objdump -h -S  01-GPIO-Test01.elf  > "01-GPIO-Test01.list"
   text	   data	    bss	    dec	    hex	filename
   1096	     32	   1568	   2696	    a88	01-GPIO-Test01.elf
Finished building: default.size.stdout
 
Finished building: 01-GPIO-Test01.list
 
20:52:08 **** Incremental Build of configuration Debug for project 01-GPIO-Test01 ****
make -j4 all 
arm-none-eabi-size   01-GPIO-Test01.elf 
   text	   data	    bss	    dec	    hex	filename
   1096	     32	   1568	   2696	    a88	01-GPIO-Test01.elf
Finished building: default.size.stdout
 
20:56:51 **** Incremental Build of configuration Debug for project 01-GPIO-Test01 ****
make -j4 all 
arm-none-eabi-gcc "../Src/GPIO_program.c" -mcpu=cortex-m4 -std=gnu11 -g3 -DDEBUG -DNUCLEO_F401RE -DSTM32 -DSTM32F401RETx -DSTM32F4 -c -I../Inc -O0 -ffunction-sections -fdata-sections -Wall -fstack-usage -fcyclomatic-complexity -MMD -MP -MF"Src/GPIO_program.d" -MT"Src/GPIO_program.o" --specs=nano.specs -mfpu=fpv4-sp-d16 -mfloat-abi=hard -mthumb -o "Src/GPIO_program.o"
../Src/GPIO_program.c: In function 'GPIO_voidSetOutType':
../Src/GPIO_program.c:82:66: warning: implicit declaration of function 'CLR_BIT' [-Wimplicit-function-declaration]
   82 |                          case GPIOA_PORT: (copy_u8Type == LOW) ? CLR_BIT(GPIOA_OTYPER, copy_u8PIN) : SET_BIT(GPIOA_OTYPER, copy_u8PIN); break;
      |                                                                  ^~~~~~~
../Src/GPIO_program.c:82:102: warning: implicit declaration of function 'SET_BIT' [-Wimplicit-function-declaration]
   82 |                          case GPIOA_PORT: (copy_u8Type == LOW) ? CLR_BIT(GPIOA_OTYPER, copy_u8PIN) : SET_BIT(GPIOA_OTYPER, copy_u8PIN); break;
      |                                                                                                      ^~~~~~~
../Src/GPIO_program.c: In function 'GPIO_u8ReadData':
../Src/GPIO_program.c:170:58: warning: implicit declaration of function 'GET_BIT' [-Wimplicit-function-declaration]
  170 |                          case GPIOA_PORT: u8Local_Data = GET_BIT(GPIOA_IDR, copy_u8PIN); break;
      |                                                          ^~~~~~~
arm-none-eabi-gcc -o "01-GPIO-Test01.elf" @"objects.list"   -mcpu=cortex-m4 -T"D:\Engineering\Embedded\ARM_interfacing\ARM_Cortex_M4\04-APP\01-GPIO-Test01\STM32F401RETX_FLASH.ld" --specs=nosys.specs -Wl,-Map="01-GPIO-Test01.map" -Wl,--gc-sections -static --specs=nano.specs -mfpu=fpv4-sp-d16 -mfloat-abi=hard -mthumb -Wl,--start-group -lc -lm -Wl,--end-group
Finished building target: 01-GPIO-Test01.elf
 
arm-none-eabi-size   01-GPIO-Test01.elf 
arm-none-eabi-objdump -h -S  01-GPIO-Test01.elf  > "01-GPIO-Test01.list"
   text	   data	    bss	    dec	    hex	filename
   1096	     32	   1568	   2696	    a88	01-GPIO-Test01.elf
Finished building: default.size.stdout
 
Finished building: 01-GPIO-Test01.list
 
20:58:40 **** Incremental Build of configuration Debug for project 01-GPIO-Test01 ****
make -j4 all 
arm-none-eabi-gcc "../Src/GPIO_program.c" -mcpu=cortex-m4 -std=gnu11 -g3 -DDEBUG -DNUCLEO_F401RE -DSTM32 -DSTM32F401RETx -DSTM32F4 -c -I../Inc -O0 -ffunction-sections -fdata-sections -Wall -fstack-usage -fcyclomatic-complexity -MMD -MP -MF"Src/GPIO_program.d" -MT"Src/GPIO_program.o" --specs=nano.specs -mfpu=fpv4-sp-d16 -mfloat-abi=hard -mthumb -o "Src/GPIO_program.o"
In file included from ../Src/GPIO_program.c:18:
../Src/GPIO_program.c: In function 'GPIO_voidSetOutType':
../Src/../Inc/BIT_MATH.h:4:54: error: lvalue required as left operand of assignment
    4 |         #define  set_bit(var, bit_no)          (var) |= (1 << (bit_no))
      |                                                      ^~
../Src/GPIO_program.c:82:102: note: in expansion of macro 'set_bit'
   82 |                          case GPIOA_PORT: (copy_u8Type == LOW) ? clr_bit(GPIOA_OTYPER, copy_u8PIN) : set_bit(GPIOA_OTYPER, copy_u8PIN); break;
      |                                                                                                      ^~~~~~~
../Src/../Inc/BIT_MATH.h:4:54: error: lvalue required as left operand of assignment
    4 |         #define  set_bit(var, bit_no)          (var) |= (1 << (bit_no))
      |                                                      ^~
../Src/GPIO_program.c:83:102: note: in expansion of macro 'set_bit'
   83 |                          case GPIOB_PORT: (copy_u8Type == LOW) ? clr_bit(GPIOB_OTYPER, copy_u8PIN) : set_bit(GPIOB_OTYPER, copy_u8PIN); break;
      |                                                                                                      ^~~~~~~
../Src/../Inc/BIT_MATH.h:4:54: error: lvalue required as left operand of assignment
    4 |         #define  set_bit(var, bit_no)          (var) |= (1 << (bit_no))
      |                                                      ^~
../Src/GPIO_program.c:84:102: note: in expansion of macro 'set_bit'
   84 |                          case GPIOC_PORT: (copy_u8Type == LOW) ? clr_bit(GPIOC_OTYPER, copy_u8PIN) : set_bit(GPIOC_OTYPER, copy_u8PIN); break;
      |                                                                                                      ^~~~~~~
../Src/../Inc/BIT_MATH.h:4:54: error: lvalue required as left operand of assignment
    4 |         #define  set_bit(var, bit_no)          (var) |= (1 << (bit_no))
      |                                                      ^~
../Src/GPIO_program.c:85:102: note: in expansion of macro 'set_bit'
   85 |                          case GPIOD_PORT: (copy_u8Type == LOW) ? clr_bit(GPIOD_OTYPER, copy_u8PIN) : set_bit(GPIOD_OTYPER, copy_u8PIN); break;
      |                                                                                                      ^~~~~~~
../Src/../Inc/BIT_MATH.h:4:54: error: lvalue required as left operand of assignment
    4 |         #define  set_bit(var, bit_no)          (var) |= (1 << (bit_no))
      |                                                      ^~
../Src/GPIO_program.c:86:102: note: in expansion of macro 'set_bit'
   86 |                          case GPIOE_PORT: (copy_u8Type == LOW) ? clr_bit(GPIOE_OTYPER, copy_u8PIN) : set_bit(GPIOE_OTYPER, copy_u8PIN); break;
      |                                                                                                      ^~~~~~~
../Src/../Inc/BIT_MATH.h:4:54: error: lvalue required as left operand of assignment
    4 |         #define  set_bit(var, bit_no)          (var) |= (1 << (bit_no))
      |                                                      ^~
../Src/GPIO_program.c:87:102: note: in expansion of macro 'set_bit'
   87 |                          case GPIOH_PORT: (copy_u8Type == LOW) ? clr_bit(GPIOH_OTYPER, copy_u8PIN) : set_bit(GPIOH_OTYPER, copy_u8PIN); break;
      |                                                                                                      ^~~~~~~
make: *** [Src/subdir.mk:31: Src/GPIO_program.o] Error 1
"make -j4 all" terminated with exit code 2. Build might be incomplete.
20:59:47 **** Incremental Build of configuration Debug for project 01-GPIO-Test01 ****
make -j4 all 
arm-none-eabi-gcc "../Src/GPIO_program.c" -mcpu=cortex-m4 -std=gnu11 -g3 -DDEBUG -DNUCLEO_F401RE -DSTM32 -DSTM32F401RETx -DSTM32F4 -c -I../Inc -O0 -ffunction-sections -fdata-sections -Wall -fstack-usage -fcyclomatic-complexity -MMD -MP -MF"Src/GPIO_program.d" -MT"Src/GPIO_program.o" --specs=nano.specs -mfpu=fpv4-sp-d16 -mfloat-abi=hard -mthumb -o "Src/GPIO_program.o"
arm-none-eabi-gcc "../Src/RCC_program.c" -mcpu=cortex-m4 -std=gnu11 -g3 -DDEBUG -DNUCLEO_F401RE -DSTM32 -DSTM32F401RETx -DSTM32F4 -c -I../Inc -O0 -ffunction-sections -fdata-sections -Wall -fstack-usage -fcyclomatic-complexity -MMD -MP -MF"Src/RCC_program.d" -MT"Src/RCC_program.o" --specs=nano.specs -mfpu=fpv4-sp-d16 -mfloat-abi=hard -mthumb -o "Src/RCC_program.o"
arm-none-eabi-gcc "../Src/main.c" -mcpu=cortex-m4 -std=gnu11 -g3 -DDEBUG -DNUCLEO_F401RE -DSTM32 -DSTM32F401RETx -DSTM32F4 -c -I../Inc -O0 -ffunction-sections -fdata-sections -Wall -fstack-usage -fcyclomatic-complexity -MMD -MP -MF"Src/main.d" -MT"Src/main.o" --specs=nano.specs -mfpu=fpv4-sp-d16 -mfloat-abi=hard -mthumb -o "Src/main.o"
arm-none-eabi-gcc -o "01-GPIO-Test01.elf" @"objects.list"   -mcpu=cortex-m4 -T"D:\Engineering\Embedded\ARM_interfacing\ARM_Cortex_M4\04-APP\01-GPIO-Test01\STM32F401RETX_FLASH.ld" --specs=nosys.specs -Wl,-Map="01-GPIO-Test01.map" -Wl,--gc-sections -static --specs=nano.specs -mfpu=fpv4-sp-d16 -mfloat-abi=hard -mthumb -Wl,--start-group -lc -lm -Wl,--end-group
Finished building target: 01-GPIO-Test01.elf
 
arm-none-eabi-size   01-GPIO-Test01.elf 
arm-none-eabi-objdump -h -S  01-GPIO-Test01.elf  > "01-GPIO-Test01.list"
   text	   data	    bss	    dec	    hex	filename
   1096	     32	   1568	   2696	    a88	01-GPIO-Test01.elf
Finished building: default.size.stdout
 
Finished building: 01-GPIO-Test01.list
 
20:59:58 **** Incremental Build of configuration Debug for project 01-GPIO-Test01 ****
make -j4 all 
arm-none-eabi-size   01-GPIO-Test01.elf 
   text	   data	    bss	    dec	    hex	filename
   1096	     32	   1568	   2696	    a88	01-GPIO-Test01.elf
Finished building: default.size.stdout
 
21:00:05 **** Incremental Build of configuration Debug for project 01-GPIO-Test01 ****
make -j4 all 
arm-none-eabi-size   01-GPIO-Test01.elf 
   text	   data	    bss	    dec	    hex	filename
   1096	     32	   1568	   2696	    a88	01-GPIO-Test01.elf
Finished building: default.size.stdout
 
21:02:04 **** Incremental Build of configuration Debug for project 01-GPIO-Test01 ****
make -j4 all 
arm-none-eabi-gcc "../Src/GPIO_program.c" -mcpu=cortex-m4 -std=gnu11 -g3 -DDEBUG -DNUCLEO_F401RE -DSTM32 -DSTM32F401RETx -DSTM32F4 -c -I../Inc -O0 -ffunction-sections -fdata-sections -Wall -fstack-usage -fcyclomatic-complexity -MMD -MP -MF"Src/GPIO_program.d" -MT"Src/GPIO_program.o" --specs=nano.specs -mfpu=fpv4-sp-d16 -mfloat-abi=hard -mthumb -o "Src/GPIO_program.o"
arm-none-eabi-gcc "../Src/main.c" -mcpu=cortex-m4 -std=gnu11 -g3 -DDEBUG -DNUCLEO_F401RE -DSTM32 -DSTM32F401RETx -DSTM32F4 -c -I../Inc -O0 -ffunction-sections -fdata-sections -Wall -fstack-usage -fcyclomatic-complexity -MMD -MP -MF"Src/main.d" -MT"Src/main.o" --specs=nano.specs -mfpu=fpv4-sp-d16 -mfloat-abi=hard -mthumb -o "Src/main.o"
arm-none-eabi-gcc -o "01-GPIO-Test01.elf" @"objects.list"   -mcpu=cortex-m4 -T"D:\Engineering\Embedded\ARM_interfacing\ARM_Cortex_M4\04-APP\01-GPIO-Test01\STM32F401RETX_FLASH.ld" --specs=nosys.specs -Wl,-Map="01-GPIO-Test01.map" -Wl,--gc-sections -static --specs=nano.specs -mfpu=fpv4-sp-d16 -mfloat-abi=hard -mthumb -Wl,--start-group -lc -lm -Wl,--end-group
Finished building target: 01-GPIO-Test01.elf
 
arm-none-eabi-size   01-GPIO-Test01.elf 
arm-none-eabi-objdump -h -S  01-GPIO-Test01.elf  > "01-GPIO-Test01.list"
   text	   data	    bss	    dec	    hex	filename
   1096	     32	   1568	   2696	    a88	01-GPIO-Test01.elf
Finished building: default.size.stdout
 
Finished building: 01-GPIO-Test01.list
 
21:03:46 **** Incremental Build of configuration Debug for project 01-GPIO-Test01 ****
make -j4 all 
arm-none-eabi-gcc "../Src/GPIO_program.c" -mcpu=cortex-m4 -std=gnu11 -g3 -DDEBUG -DNUCLEO_F401RE -DSTM32 -DSTM32F401RETx -DSTM32F4 -c -I../Inc -O0 -ffunction-sections -fdata-sections -Wall -fstack-usage -fcyclomatic-complexity -MMD -MP -MF"Src/GPIO_program.d" -MT"Src/GPIO_program.o" --specs=nano.specs -mfpu=fpv4-sp-d16 -mfloat-abi=hard -mthumb -o "Src/GPIO_program.o"
arm-none-eabi-gcc -o "01-GPIO-Test01.elf" @"objects.list"   -mcpu=cortex-m4 -T"D:\Engineering\Embedded\ARM_interfacing\ARM_Cortex_M4\04-APP\01-GPIO-Test01\STM32F401RETX_FLASH.ld" --specs=nosys.specs -Wl,-Map="01-GPIO-Test01.map" -Wl,--gc-sections -static --specs=nano.specs -mfpu=fpv4-sp-d16 -mfloat-abi=hard -mthumb -Wl,--start-group -lc -lm -Wl,--end-group
Finished building target: 01-GPIO-Test01.elf
 
arm-none-eabi-size   01-GPIO-Test01.elf 
arm-none-eabi-objdump -h -S  01-GPIO-Test01.elf  > "01-GPIO-Test01.list"
   text	   data	    bss	    dec	    hex	filename
   1120	     32	   1568	   2720	    aa0	01-GPIO-Test01.elf
Finished building: default.size.stdout
 
Finished building: 01-GPIO-Test01.list
 
21:04:00 **** Incremental Build of configuration Debug for project 01-GPIO-Test01 ****
make -j4 all 
arm-none-eabi-gcc -o "01-GPIO-Test01.elf" @"objects.list"   -mcpu=cortex-m4 -T"D:\Engineering\Embedded\ARM_interfacing\ARM_Cortex_M4\04-APP\01-GPIO-Test01\STM32F401RETX_FLASH.ld" --specs=nosys.specs -Wl,-Map="01-GPIO-Test01.map" -Wl,--gc-sections -static --specs=nano.specs -mfpu=fpv4-sp-d16 -mfloat-abi=hard -mthumb -Wl,--start-group -lc -lm -Wl,--end-group
Finished building target: 01-GPIO-Test01.elf
 
arm-none-eabi-size   01-GPIO-Test01.elf 
arm-none-eabi-objdump -h -S  01-GPIO-Test01.elf  > "01-GPIO-Test01.list"
arm-none-eabi-objcopy  -O ihex  01-GPIO-Test01.elf  "01-GPIO-Test01.hex"
   text	   data	    bss	    dec	    hex	filename
   1120	     32	   1568	   2720	    aa0	01-GPIO-Test01.elf
Finished building: default.size.stdout
 
Finished building: 01-GPIO-Test01.list
 
Finished building: 01-GPIO-Test01.hex
 
21:04:45 **** Incremental Build of configuration Debug for project 01-GPIO-Test01 ****
make -j4 all 
arm-none-eabi-gcc "../Src/main.c" -mcpu=cortex-m4 -std=gnu11 -g3 -DDEBUG -DNUCLEO_F401RE -DSTM32 -DSTM32F401RETx -DSTM32F4 -c -I../Inc -O0 -ffunction-sections -fdata-sections -Wall -fstack-usage -fcyclomatic-complexity -MMD -MP -MF"Src/main.d" -MT"Src/main.o" --specs=nano.specs -mfpu=fpv4-sp-d16 -mfloat-abi=hard -mthumb -o "Src/main.o"
arm-none-eabi-gcc -o "01-GPIO-Test01.elf" @"objects.list"   -mcpu=cortex-m4 -T"D:\Engineering\Embedded\ARM_interfacing\ARM_Cortex_M4\04-APP\01-GPIO-Test01\STM32F401RETX_FLASH.ld" --specs=nosys.specs -Wl,-Map="01-GPIO-Test01.map" -Wl,--gc-sections -static --specs=nano.specs -mfpu=fpv4-sp-d16 -mfloat-abi=hard -mthumb -Wl,--start-group -lc -lm -Wl,--end-group
Finished building target: 01-GPIO-Test01.elf
 
arm-none-eabi-size   01-GPIO-Test01.elf 
arm-none-eabi-objdump -h -S  01-GPIO-Test01.elf  > "01-GPIO-Test01.list"
arm-none-eabi-objcopy  -O ihex  01-GPIO-Test01.elf  "01-GPIO-Test01.hex"
   text	   data	    bss	    dec	    hex	filename
   1116	     32	   1568	   2716	    a9c	01-GPIO-Test01.elf
Finished building: default.size.stdout
 
Finished building: 01-GPIO-Test01.list
Finished building: 01-GPIO-Test01.hex
 
 
21:05:16 **** Incremental Build of configuration Debug for project 01-GPIO-Test01 ****
make -j4 all 
arm-none-eabi-gcc "../Src/main.c" -mcpu=cortex-m4 -std=gnu11 -g3 -DDEBUG -DNUCLEO_F401RE -DSTM32 -DSTM32F401RETx -DSTM32F4 -c -I../Inc -O0 -ffunction-sections -fdata-sections -Wall -fstack-usage -fcyclomatic-complexity -MMD -MP -MF"Src/main.d" -MT"Src/main.o" --specs=nano.specs -mfpu=fpv4-sp-d16 -mfloat-abi=hard -mthumb -o "Src/main.o"
arm-none-eabi-gcc -o "01-GPIO-Test01.elf" @"objects.list"   -mcpu=cortex-m4 -T"D:\Engineering\Embedded\ARM_interfacing\ARM_Cortex_M4\04-APP\01-GPIO-Test01\STM32F401RETX_FLASH.ld" --specs=nosys.specs -Wl,-Map="01-GPIO-Test01.map" -Wl,--gc-sections -static --specs=nano.specs -mfpu=fpv4-sp-d16 -mfloat-abi=hard -mthumb -Wl,--start-group -lc -lm -Wl,--end-group
Finished building target: 01-GPIO-Test01.elf
 
arm-none-eabi-size   01-GPIO-Test01.elf 
arm-none-eabi-objdump -h -S  01-GPIO-Test01.elf  > "01-GPIO-Test01.list"
arm-none-eabi-objcopy  -O ihex  01-GPIO-Test01.elf  "01-GPIO-Test01.hex"
   text	   data	    bss	    dec	    hex	filename
   1120	     32	   1568	   2720	    aa0	01-GPIO-Test01.elf
Finished building: default.size.stdout
Finished building: 01-GPIO-Test01.hex
Finished building: 01-GPIO-Test01.list
 
 
 
21:05:47 **** Incremental Build of configuration Debug for project 01-GPIO-Test01 ****
make -j4 all 
arm-none-eabi-gcc "../Src/main.c" -mcpu=cortex-m4 -std=gnu11 -g3 -DDEBUG -DNUCLEO_F401RE -DSTM32 -DSTM32F401RETx -DSTM32F4 -c -I../Inc -O0 -ffunction-sections -fdata-sections -Wall -fstack-usage -fcyclomatic-complexity -MMD -MP -MF"Src/main.d" -MT"Src/main.o" --specs=nano.specs -mfpu=fpv4-sp-d16 -mfloat-abi=hard -mthumb -o "Src/main.o"
arm-none-eabi-gcc -o "01-GPIO-Test01.elf" @"objects.list"   -mcpu=cortex-m4 -T"D:\Engineering\Embedded\ARM_interfacing\ARM_Cortex_M4\04-APP\01-GPIO-Test01\STM32F401RETX_FLASH.ld" --specs=nosys.specs -Wl,-Map="01-GPIO-Test01.map" -Wl,--gc-sections -static --specs=nano.specs -mfpu=fpv4-sp-d16 -mfloat-abi=hard -mthumb -Wl,--start-group -lc -lm -Wl,--end-group
Finished building target: 01-GPIO-Test01.elf
 
arm-none-eabi-size   01-GPIO-Test01.elf 
arm-none-eabi-objdump -h -S  01-GPIO-Test01.elf  > "01-GPIO-Test01.list"
arm-none-eabi-objcopy  -O ihex  01-GPIO-Test01.elf  "01-GPIO-Test01.hex"
   text	   data	    bss	    dec	    hex	filename
   1088	     32	   1568	   2688	    a80	01-GPIO-Test01.elf
Finished building: default.size.stdout
 
Finished building: 01-GPIO-Test01.list
Finished building: 01-GPIO-Test01.hex
 
 
21:05:56 **** Incremental Build of configuration Debug for project 01-GPIO-Test01 ****
make -j4 all 
arm-none-eabi-gcc "../Src/main.c" -mcpu=cortex-m4 -std=gnu11 -g3 -DDEBUG -DNUCLEO_F401RE -DSTM32 -DSTM32F401RETx -DSTM32F4 -c -I../Inc -O0 -ffunction-sections -fdata-sections -Wall -fstack-usage -fcyclomatic-complexity -MMD -MP -MF"Src/main.d" -MT"Src/main.o" --specs=nano.specs -mfpu=fpv4-sp-d16 -mfloat-abi=hard -mthumb -o "Src/main.o"
arm-none-eabi-gcc -o "01-GPIO-Test01.elf" @"objects.list"   -mcpu=cortex-m4 -T"D:\Engineering\Embedded\ARM_interfacing\ARM_Cortex_M4\04-APP\01-GPIO-Test01\STM32F401RETX_FLASH.ld" --specs=nosys.specs -Wl,-Map="01-GPIO-Test01.map" -Wl,--gc-sections -static --specs=nano.specs -mfpu=fpv4-sp-d16 -mfloat-abi=hard -mthumb -Wl,--start-group -lc -lm -Wl,--end-group
Finished building target: 01-GPIO-Test01.elf
 
arm-none-eabi-size   01-GPIO-Test01.elf 
arm-none-eabi-objdump -h -S  01-GPIO-Test01.elf  > "01-GPIO-Test01.list"
arm-none-eabi-objcopy  -O ihex  01-GPIO-Test01.elf  "01-GPIO-Test01.hex"
   text	   data	    bss	    dec	    hex	filename
   1088	     32	   1568	   2688	    a80	01-GPIO-Test01.elf
Finished building: default.size.stdout
 
Finished building: 01-GPIO-Test01.list
Finished building: 01-GPIO-Test01.hex
 
 
21:06:14 **** Incremental Build of configuration Debug for project 01-GPIO-Test01 ****
make -j4 all 
arm-none-eabi-gcc "../Src/main.c" -mcpu=cortex-m4 -std=gnu11 -g3 -DDEBUG -DNUCLEO_F401RE -DSTM32 -DSTM32F401RETx -DSTM32F4 -c -I../Inc -O0 -ffunction-sections -fdata-sections -Wall -fstack-usage -fcyclomatic-complexity -MMD -MP -MF"Src/main.d" -MT"Src/main.o" --specs=nano.specs -mfpu=fpv4-sp-d16 -mfloat-abi=hard -mthumb -o "Src/main.o"
arm-none-eabi-gcc -o "01-GPIO-Test01.elf" @"objects.list"   -mcpu=cortex-m4 -T"D:\Engineering\Embedded\ARM_interfacing\ARM_Cortex_M4\04-APP\01-GPIO-Test01\STM32F401RETX_FLASH.ld" --specs=nosys.specs -Wl,-Map="01-GPIO-Test01.map" -Wl,--gc-sections -static --specs=nano.specs -mfpu=fpv4-sp-d16 -mfloat-abi=hard -mthumb -Wl,--start-group -lc -lm -Wl,--end-group
Finished building target: 01-GPIO-Test01.elf
 
arm-none-eabi-size   01-GPIO-Test01.elf 
arm-none-eabi-objdump -h -S  01-GPIO-Test01.elf  > "01-GPIO-Test01.list"
arm-none-eabi-objcopy  -O ihex  01-GPIO-Test01.elf  "01-GPIO-Test01.hex"
   text	   data	    bss	    dec	    hex	filename
   1088	     32	   1568	   2688	    a80	01-GPIO-Test01.elf
Finished building: default.size.stdout
 
Finished building: 01-GPIO-Test01.list
Finished building: 01-GPIO-Test01.hex
 
 
21:06:35 **** Incremental Build of configuration Debug for project 01-GPIO-Test01 ****
make -j4 all 
arm-none-eabi-gcc "../Src/main.c" -mcpu=cortex-m4 -std=gnu11 -g3 -DDEBUG -DNUCLEO_F401RE -DSTM32 -DSTM32F401RETx -DSTM32F4 -c -I../Inc -O0 -ffunction-sections -fdata-sections -Wall -fstack-usage -fcyclomatic-complexity -MMD -MP -MF"Src/main.d" -MT"Src/main.o" --specs=nano.specs -mfpu=fpv4-sp-d16 -mfloat-abi=hard -mthumb -o "Src/main.o"
arm-none-eabi-gcc -o "01-GPIO-Test01.elf" @"objects.list"   -mcpu=cortex-m4 -T"D:\Engineering\Embedded\ARM_interfacing\ARM_Cortex_M4\04-APP\01-GPIO-Test01\STM32F401RETX_FLASH.ld" --specs=nosys.specs -Wl,-Map="01-GPIO-Test01.map" -Wl,--gc-sections -static --specs=nano.specs -mfpu=fpv4-sp-d16 -mfloat-abi=hard -mthumb -Wl,--start-group -lc -lm -Wl,--end-group
Finished building target: 01-GPIO-Test01.elf
 
arm-none-eabi-size   01-GPIO-Test01.elf 
arm-none-eabi-objdump -h -S  01-GPIO-Test01.elf  > "01-GPIO-Test01.list"
arm-none-eabi-objcopy  -O ihex  01-GPIO-Test01.elf  "01-GPIO-Test01.hex"
   text	   data	    bss	    dec	    hex	filename
   1088	     32	   1568	   2688	    a80	01-GPIO-Test01.elf
Finished building: default.size.stdout
 
Finished building: 01-GPIO-Test01.list
Finished building: 01-GPIO-Test01.hex
 
 
21:09:37 **** Incremental Build of configuration Debug for project 01-GPIO-Test01 ****
make -j4 all 
arm-none-eabi-gcc "../Src/main.c" -mcpu=cortex-m4 -std=gnu11 -g3 -DDEBUG -DNUCLEO_F401RE -DSTM32 -DSTM32F401RETx -DSTM32F4 -c -I../Inc -O0 -ffunction-sections -fdata-sections -Wall -fstack-usage -fcyclomatic-complexity -MMD -MP -MF"Src/main.d" -MT"Src/main.o" --specs=nano.specs -mfpu=fpv4-sp-d16 -mfloat-abi=hard -mthumb -o "Src/main.o"
arm-none-eabi-gcc -o "01-GPIO-Test01.elf" @"objects.list"   -mcpu=cortex-m4 -T"D:\Engineering\Embedded\ARM_interfacing\ARM_Cortex_M4\04-APP\01-GPIO-Test01\STM32F401RETX_FLASH.ld" --specs=nosys.specs -Wl,-Map="01-GPIO-Test01.map" -Wl,--gc-sections -static --specs=nano.specs -mfpu=fpv4-sp-d16 -mfloat-abi=hard -mthumb -Wl,--start-group -lc -lm -Wl,--end-group
Finished building target: 01-GPIO-Test01.elf
 
arm-none-eabi-size   01-GPIO-Test01.elf 
arm-none-eabi-objdump -h -S  01-GPIO-Test01.elf  > "01-GPIO-Test01.list"
arm-none-eabi-objcopy  -O ihex  01-GPIO-Test01.elf  "01-GPIO-Test01.hex"
   text	   data	    bss	    dec	    hex	filename
   1088	     32	   1568	   2688	    a80	01-GPIO-Test01.elf
Finished building: default.size.stdout
 
Finished building: 01-GPIO-Test01.list
Finished building: 01-GPIO-Test01.hex
 
 
21:10:09 **** Incremental Build of configuration Debug for project 01-GPIO-Test01 ****
make -j4 all 
arm-none-eabi-gcc "../Src/main.c" -mcpu=cortex-m4 -std=gnu11 -g3 -DDEBUG -DNUCLEO_F401RE -DSTM32 -DSTM32F401RETx -DSTM32F4 -c -I../Inc -O0 -ffunction-sections -fdata-sections -Wall -fstack-usage -fcyclomatic-complexity -MMD -MP -MF"Src/main.d" -MT"Src/main.o" --specs=nano.specs -mfpu=fpv4-sp-d16 -mfloat-abi=hard -mthumb -o "Src/main.o"
arm-none-eabi-gcc -o "01-GPIO-Test01.elf" @"objects.list"   -mcpu=cortex-m4 -T"D:\Engineering\Embedded\ARM_interfacing\ARM_Cortex_M4\04-APP\01-GPIO-Test01\STM32F401RETX_FLASH.ld" --specs=nosys.specs -Wl,-Map="01-GPIO-Test01.map" -Wl,--gc-sections -static --specs=nano.specs -mfpu=fpv4-sp-d16 -mfloat-abi=hard -mthumb -Wl,--start-group -lc -lm -Wl,--end-group
Finished building target: 01-GPIO-Test01.elf
 
arm-none-eabi-size   01-GPIO-Test01.elf 
arm-none-eabi-objdump -h -S  01-GPIO-Test01.elf  > "01-GPIO-Test01.list"
arm-none-eabi-objcopy  -O ihex  01-GPIO-Test01.elf  "01-GPIO-Test01.hex"
   text	   data	    bss	    dec	    hex	filename
   1088	     32	   1568	   2688	    a80	01-GPIO-Test01.elf
Finished building: default.size.stdout
 
Finished building: 01-GPIO-Test01.list
Finished building: 01-GPIO-Test01.hex
 
 
21:13:34 **** Incremental Build of configuration Debug for project 01-GPIO-Test01 ****
make -j4 all 
arm-none-eabi-gcc "../Src/GPIO_program.c" -mcpu=cortex-m4 -std=gnu11 -g3 -DDEBUG -DNUCLEO_F401RE -DSTM32 -DSTM32F401RETx -DSTM32F4 -c -I../Inc -O0 -ffunction-sections -fdata-sections -Wall -fstack-usage -fcyclomatic-complexity -MMD -MP -MF"Src/GPIO_program.d" -MT"Src/GPIO_program.o" --specs=nano.specs -mfpu=fpv4-sp-d16 -mfloat-abi=hard -mthumb -o "Src/GPIO_program.o"
arm-none-eabi-gcc -o "01-GPIO-Test01.elf" @"objects.list"   -mcpu=cortex-m4 -T"D:\Engineering\Embedded\ARM_interfacing\ARM_Cortex_M4\04-APP\01-GPIO-Test01\STM32F401RETX_FLASH.ld" --specs=nosys.specs -Wl,-Map="01-GPIO-Test01.map" -Wl,--gc-sections -static --specs=nano.specs -mfpu=fpv4-sp-d16 -mfloat-abi=hard -mthumb -Wl,--start-group -lc -lm -Wl,--end-group
Finished building target: 01-GPIO-Test01.elf
 
arm-none-eabi-size   01-GPIO-Test01.elf 
arm-none-eabi-objdump -h -S  01-GPIO-Test01.elf  > "01-GPIO-Test01.list"
arm-none-eabi-objcopy  -O ihex  01-GPIO-Test01.elf  "01-GPIO-Test01.hex"
   text	   data	    bss	    dec	    hex	filename
   1088	     32	   1568	   2688	    a80	01-GPIO-Test01.elf
Finished building: default.size.stdout
 
Finished building: 01-GPIO-Test01.list
Finished building: 01-GPIO-Test01.hex
 
 
21:14:26 **** Incremental Build of configuration Debug for project 01-GPIO-Test01 ****
make -j4 all 
arm-none-eabi-gcc "../Src/GPIO_program.c" -mcpu=cortex-m4 -std=gnu11 -g3 -DDEBUG -DNUCLEO_F401RE -DSTM32 -DSTM32F401RETx -DSTM32F4 -c -I../Inc -O0 -ffunction-sections -fdata-sections -Wall -fstack-usage -fcyclomatic-complexity -MMD -MP -MF"Src/GPIO_program.d" -MT"Src/GPIO_program.o" --specs=nano.specs -mfpu=fpv4-sp-d16 -mfloat-abi=hard -mthumb -o "Src/GPIO_program.o"
arm-none-eabi-gcc -o "01-GPIO-Test01.elf" @"objects.list"   -mcpu=cortex-m4 -T"D:\Engineering\Embedded\ARM_interfacing\ARM_Cortex_M4\04-APP\01-GPIO-Test01\STM32F401RETX_FLASH.ld" --specs=nosys.specs -Wl,-Map="01-GPIO-Test01.map" -Wl,--gc-sections -static --specs=nano.specs -mfpu=fpv4-sp-d16 -mfloat-abi=hard -mthumb -Wl,--start-group -lc -lm -Wl,--end-group
Finished building target: 01-GPIO-Test01.elf
 
arm-none-eabi-size   01-GPIO-Test01.elf 
arm-none-eabi-objdump -h -S  01-GPIO-Test01.elf  > "01-GPIO-Test01.list"
arm-none-eabi-objcopy  -O ihex  01-GPIO-Test01.elf  "01-GPIO-Test01.hex"
   text	   data	    bss	    dec	    hex	filename
   1088	     32	   1568	   2688	    a80	01-GPIO-Test01.elf
Finished building: default.size.stdout
 
Finished building: 01-GPIO-Test01.list
Finished building: 01-GPIO-Test01.hex
 
 
21:14:47 **** Incremental Build of configuration Debug for project 01-GPIO-Test01 ****
make -j4 all 
arm-none-eabi-size   01-GPIO-Test01.elf 
   text	   data	    bss	    dec	    hex	filename
   1088	     32	   1568	   2688	    a80	01-GPIO-Test01.elf
Finished building: default.size.stdout
 
21:17:59 **** Incremental Build of configuration Debug for project 01-GPIO-Test01 ****
make -j4 all 
arm-none-eabi-size   01-GPIO-Test01.elf 
   text	   data	    bss	    dec	    hex	filename
   1088	     32	   1568	   2688	    a80	01-GPIO-Test01.elf
Finished building: default.size.stdout
 
21:19:00 **** Incremental Build of configuration Debug for project 01-GPIO-Test01 ****
make -j4 all 
arm-none-eabi-gcc "../Src/RCC_program.c" -mcpu=cortex-m4 -std=gnu11 -g3 -DDEBUG -DNUCLEO_F401RE -DSTM32 -DSTM32F401RETx -DSTM32F4 -c -I../Inc -O0 -ffunction-sections -fdata-sections -Wall -fstack-usage -fcyclomatic-complexity -MMD -MP -MF"Src/RCC_program.d" -MT"Src/RCC_program.o" --specs=nano.specs -mfpu=fpv4-sp-d16 -mfloat-abi=hard -mthumb -o "Src/RCC_program.o"
arm-none-eabi-gcc -o "01-GPIO-Test01.elf" @"objects.list"   -mcpu=cortex-m4 -T"D:\Engineering\Embedded\ARM_interfacing\ARM_Cortex_M4\04-APP\01-GPIO-Test01\STM32F401RETX_FLASH.ld" --specs=nosys.specs -Wl,-Map="01-GPIO-Test01.map" -Wl,--gc-sections -static --specs=nano.specs -mfpu=fpv4-sp-d16 -mfloat-abi=hard -mthumb -Wl,--start-group -lc -lm -Wl,--end-group
Finished building target: 01-GPIO-Test01.elf
 
arm-none-eabi-size   01-GPIO-Test01.elf 
arm-none-eabi-objdump -h -S  01-GPIO-Test01.elf  > "01-GPIO-Test01.list"
arm-none-eabi-objcopy  -O ihex  01-GPIO-Test01.elf  "01-GPIO-Test01.hex"
   text	   data	    bss	    dec	    hex	filename
   1088	     32	   1568	   2688	    a80	01-GPIO-Test01.elf
Finished building: default.size.stdout
 
Finished building: 01-GPIO-Test01.list
Finished building: 01-GPIO-Test01.hex
 
 
21:19:26 **** Incremental Build of configuration Debug for project 01-GPIO-Test01 ****
make -j4 all 
arm-none-eabi-gcc "../Src/main.c" -mcpu=cortex-m4 -std=gnu11 -g3 -DDEBUG -DNUCLEO_F401RE -DSTM32 -DSTM32F401RETx -DSTM32F4 -c -I../Inc -O0 -ffunction-sections -fdata-sections -Wall -fstack-usage -fcyclomatic-complexity -MMD -MP -MF"Src/main.d" -MT"Src/main.o" --specs=nano.specs -mfpu=fpv4-sp-d16 -mfloat-abi=hard -mthumb -o "Src/main.o"
arm-none-eabi-gcc -o "01-GPIO-Test01.elf" @"objects.list"   -mcpu=cortex-m4 -T"D:\Engineering\Embedded\ARM_interfacing\ARM_Cortex_M4\04-APP\01-GPIO-Test01\STM32F401RETX_FLASH.ld" --specs=nosys.specs -Wl,-Map="01-GPIO-Test01.map" -Wl,--gc-sections -static --specs=nano.specs -mfpu=fpv4-sp-d16 -mfloat-abi=hard -mthumb -Wl,--start-group -lc -lm -Wl,--end-group
Finished building target: 01-GPIO-Test01.elf
 
arm-none-eabi-size   01-GPIO-Test01.elf 
arm-none-eabi-objdump -h -S  01-GPIO-Test01.elf  > "01-GPIO-Test01.list"
arm-none-eabi-objcopy  -O ihex  01-GPIO-Test01.elf  "01-GPIO-Test01.hex"
   text	   data	    bss	    dec	    hex	filename
   1088	     32	   1568	   2688	    a80	01-GPIO-Test01.elf
Finished building: default.size.stdout
 
Finished building: 01-GPIO-Test01.list
Finished building: 01-GPIO-Test01.hex
 
 
21:20:47 **** Incremental Build of configuration Debug for project 01-GPIO-Test01 ****
make -j4 all 
arm-none-eabi-gcc "../Src/main.c" -mcpu=cortex-m4 -std=gnu11 -g3 -DDEBUG -DNUCLEO_F401RE -DSTM32 -DSTM32F401RETx -DSTM32F4 -c -I../Inc -O0 -ffunction-sections -fdata-sections -Wall -fstack-usage -fcyclomatic-complexity -MMD -MP -MF"Src/main.d" -MT"Src/main.o" --specs=nano.specs -mfpu=fpv4-sp-d16 -mfloat-abi=hard -mthumb -o "Src/main.o"
arm-none-eabi-gcc -o "01-GPIO-Test01.elf" @"objects.list"   -mcpu=cortex-m4 -T"D:\Engineering\Embedded\ARM_interfacing\ARM_Cortex_M4\04-APP\01-GPIO-Test01\STM32F401RETX_FLASH.ld" --specs=nosys.specs -Wl,-Map="01-GPIO-Test01.map" -Wl,--gc-sections -static --specs=nano.specs -mfpu=fpv4-sp-d16 -mfloat-abi=hard -mthumb -Wl,--start-group -lc -lm -Wl,--end-group
Finished building target: 01-GPIO-Test01.elf
 
arm-none-eabi-size   01-GPIO-Test01.elf 
arm-none-eabi-objdump -h -S  01-GPIO-Test01.elf  > "01-GPIO-Test01.list"
arm-none-eabi-objcopy  -O ihex  01-GPIO-Test01.elf  "01-GPIO-Test01.hex"
   text	   data	    bss	    dec	    hex	filename
   1088	     32	   1568	   2688	    a80	01-GPIO-Test01.elf
Finished building: default.size.stdout
 
Finished building: 01-GPIO-Test01.hex
Finished building: 01-GPIO-Test01.list
 
 
22:03:27 **** Incremental Build of configuration Debug for project 01-GPIO-Test01 ****
make -j4 all 
arm-none-eabi-gcc "../Src/GPIO_program.c" -mcpu=cortex-m4 -std=gnu11 -g3 -DDEBUG -DNUCLEO_F401RE -DSTM32 -DSTM32F401RETx -DSTM32F4 -c -I../Inc -O0 -ffunction-sections -fdata-sections -Wall -fstack-usage -fcyclomatic-complexity -MMD -MP -MF"Src/GPIO_program.d" -MT"Src/GPIO_program.o" --specs=nano.specs -mfpu=fpv4-sp-d16 -mfloat-abi=hard -mthumb -o "Src/GPIO_program.o"
arm-none-eabi-gcc "../Src/main.c" -mcpu=cortex-m4 -std=gnu11 -g3 -DDEBUG -DNUCLEO_F401RE -DSTM32 -DSTM32F401RETx -DSTM32F4 -c -I../Inc -O0 -ffunction-sections -fdata-sections -Wall -fstack-usage -fcyclomatic-complexity -MMD -MP -MF"Src/main.d" -MT"Src/main.o" --specs=nano.specs -mfpu=fpv4-sp-d16 -mfloat-abi=hard -mthumb -o "Src/main.o"
In file included from ../Src/GPIO_program.c:18:
../Src/GPIO_program.c: In function 'GPIO_u8ReadData':
../Src/../Inc/BIT_MATH.h:7:68: warning: value computed is not used [-Wunused-value]
    7 |         #define  get_bit(var, bit_no)          ( (var) >> (bit_no) & (1) )
      |                                                ~~~~~~~~~~~~~~~~~~~~^~~~~~~
../Src/GPIO_program.c:148:18: note: in expansion of macro 'get_bit'
  148 |                  get_bit( ( GPIO_bases[copy_u8PORT] -> IDR ), copy_u8PIN );
      |                  ^~~~~~~
../Src/GPIO_program.c: In function 'GPIO_voidPinSetAltFn':
../Src/GPIO_program.c:187:63: error: 'copy_u8Value' undeclared (first use in this function); did you mean 'copy_u8AlT'?
  187 |                 GPIO_bases[copy_u8PORT] -> AFR |= ( ( ( u64 ) copy_u8Value ) << copy_u8PIN * 4 );
      |                                                               ^~~~~~~~~~~~
      |                                                               copy_u8AlT
../Src/GPIO_program.c:187:63: note: each undeclared identifier is reported only once for each function it appears in
make: *** [Src/subdir.mk:31: Src/GPIO_program.o] Error 1
make: *** Waiting for unfinished jobs....
"make -j4 all" terminated with exit code 2. Build might be incomplete.
22:04:03 **** Incremental Build of configuration Debug for project 01-GPIO-Test01 ****
make -j4 all 
arm-none-eabi-gcc "../Src/GPIO_program.c" -mcpu=cortex-m4 -std=gnu11 -g3 -DDEBUG -DNUCLEO_F401RE -DSTM32 -DSTM32F401RETx -DSTM32F4 -c -I../Inc -O0 -ffunction-sections -fdata-sections -Wall -fstack-usage -fcyclomatic-complexity -MMD -MP -MF"Src/GPIO_program.d" -MT"Src/GPIO_program.o" --specs=nano.specs -mfpu=fpv4-sp-d16 -mfloat-abi=hard -mthumb -o "Src/GPIO_program.o"
In file included from ../Src/GPIO_program.c:18:
../Src/GPIO_program.c: In function 'GPIO_u8ReadData':
../Src/../Inc/BIT_MATH.h:7:68: warning: value computed is not used [-Wunused-value]
    7 |         #define  get_bit(var, bit_no)          ( (var) >> (bit_no) & (1) )
      |                                                ~~~~~~~~~~~~~~~~~~~~^~~~~~~
../Src/GPIO_program.c:148:18: note: in expansion of macro 'get_bit'
  148 |                  get_bit( ( GPIO_bases[copy_u8PORT] -> IDR ), copy_u8PIN );
      |                  ^~~~~~~
arm-none-eabi-gcc -o "01-GPIO-Test01.elf" @"objects.list"   -mcpu=cortex-m4 -T"D:\Engineering\Embedded\ARM_interfacing\ARM_Cortex_M4\04-APP\01-GPIO-Test01\STM32F401RETX_FLASH.ld" --specs=nosys.specs -Wl,-Map="01-GPIO-Test01.map" -Wl,--gc-sections -static --specs=nano.specs -mfpu=fpv4-sp-d16 -mfloat-abi=hard -mthumb -Wl,--start-group -lc -lm -Wl,--end-group
Finished building target: 01-GPIO-Test01.elf
 
arm-none-eabi-size   01-GPIO-Test01.elf 
arm-none-eabi-objdump -h -S  01-GPIO-Test01.elf  > "01-GPIO-Test01.list"
arm-none-eabi-objcopy  -O ihex  01-GPIO-Test01.elf  "01-GPIO-Test01.hex"
   text	   data	    bss	    dec	    hex	filename
   1712	     32	   1568	   3312	    cf0	01-GPIO-Test01.elf
Finished building: default.size.stdout
 
Finished building: 01-GPIO-Test01.hex
Finished building: 01-GPIO-Test01.list
 
 
22:04:08 **** Incremental Build of configuration Debug for project 01-GPIO-Test01 ****
make -j4 all 
arm-none-eabi-size   01-GPIO-Test01.elf 
   text	   data	    bss	    dec	    hex	filename
   1712	     32	   1568	   3312	    cf0	01-GPIO-Test01.elf
Finished building: default.size.stdout
 
22:04:13 **** Incremental Build of configuration Debug for project 01-GPIO-Test01 ****
make -j4 all 
arm-none-eabi-size   01-GPIO-Test01.elf 
   text	   data	    bss	    dec	    hex	filename
   1712	     32	   1568	   3312	    cf0	01-GPIO-Test01.elf
Finished building: default.size.stdout
 
22:04:56 **** Incremental Build of configuration Debug for project 01-GPIO-Test01 ****
make -j4 all 
arm-none-eabi-size   01-GPIO-Test01.elf 
   text	   data	    bss	    dec	    hex	filename
   1712	     32	   1568	   3312	    cf0	01-GPIO-Test01.elf
Finished building: default.size.stdout
 
22:16:02 **** Incremental Build of configuration Debug for project 01-GPIO-Test01 ****
make -j4 all 
arm-none-eabi-gcc "../Src/main.c" -mcpu=cortex-m4 -std=gnu11 -g3 -DDEBUG -DNUCLEO_F401RE -DSTM32 -DSTM32F401RETx -DSTM32F4 -c -I../Inc -O0 -ffunction-sections -fdata-sections -Wall -fstack-usage -fcyclomatic-complexity -MMD -MP -MF"Src/main.d" -MT"Src/main.o" --specs=nano.specs -mfpu=fpv4-sp-d16 -mfloat-abi=hard -mthumb -o "Src/main.o"
arm-none-eabi-gcc -o "01-GPIO-Test01.elf" @"objects.list"   -mcpu=cortex-m4 -T"D:\Engineering\Embedded\ARM_interfacing\ARM_Cortex_M4\04-APP\01-GPIO-Test01\STM32F401RETX_FLASH.ld" --specs=nosys.specs -Wl,-Map="01-GPIO-Test01.map" -Wl,--gc-sections -static --specs=nano.specs -mfpu=fpv4-sp-d16 -mfloat-abi=hard -mthumb -Wl,--start-group -lc -lm -Wl,--end-group
Finished building target: 01-GPIO-Test01.elf
 
arm-none-eabi-size   01-GPIO-Test01.elf 
arm-none-eabi-objdump -h -S  01-GPIO-Test01.elf  > "01-GPIO-Test01.list"
arm-none-eabi-objcopy  -O ihex  01-GPIO-Test01.elf  "01-GPIO-Test01.hex"
   text	   data	    bss	    dec	    hex	filename
   1056	     32	   1568	   2656	    a60	01-GPIO-Test01.elf
Finished building: default.size.stdout
 
Finished building: 01-GPIO-Test01.list
Finished building: 01-GPIO-Test01.hex
 
 
10:00:38 **** Build of configuration Debug for project 02-GPIO-7-Seg ****
make -j4 all 
arm-none-eabi-gcc -mcpu=cortex-m4 -g3 -DDEBUG -c -x assembler-with-cpp -MMD -MP -MF"Startup/startup_stm32f401retx.d" -MT"Startup/startup_stm32f401retx.o" --specs=nano.specs -mfpu=fpv4-sp-d16 -mfloat-abi=hard -mthumb -o "Startup/startup_stm32f401retx.o" "../Startup/startup_stm32f401retx.s"
arm-none-eabi-gcc "../Src/main.c" -mcpu=cortex-m4 -std=gnu11 -g3 -DDEBUG -DSTM32 -DSTM32F401RETx -DSTM32F4 -c -I../Inc -O0 -ffunction-sections -fdata-sections -Wall -fstack-usage -fcyclomatic-complexity -MMD -MP -MF"Src/main.d" -MT"Src/main.o" --specs=nano.specs -mfpu=fpv4-sp-d16 -mfloat-abi=hard -mthumb -o "Src/main.o"
arm-none-eabi-gcc -o "02-GPIO-7-Seg.elf" @"objects.list"   -mcpu=cortex-m4 -T"D:\Engineering\Embedded\ARM_interfacing\ARM_Cortex_M4\04-APP\02-GPIO-7-Seg\STM32F401RETX_FLASH.ld" --specs=nosys.specs -Wl,-Map="02-GPIO-7-Seg.map" -Wl,--gc-sections -static --specs=nano.specs -mfpu=fpv4-sp-d16 -mfloat-abi=hard -mthumb -Wl,--start-group -lc -lm -Wl,--end-group
C:/ST/STM32CubeIDE_1.13.0/STM32CubeIDE/plugins/com.st.stm32cube.ide.mcu.externaltools.gnu-tools-for-stm32.11.3.rel1.win32_1.1.0.202305231506/tools/bin/../lib/gcc/arm-none-eabi/11.3.1/../../../../arm-none-eabi/bin/ld.exe: C:/ST/STM32CubeIDE_1.13.0/STM32CubeIDE/plugins/com.st.stm32cube.ide.mcu.externaltools.gnu-tools-for-stm32.11.3.rel1.win32_1.1.0.202305231506/tools/bin/../lib/gcc/arm-none-eabi/11.3.1/../../../../arm-none-eabi/lib/thumb/v7e-m+fp/hard\libc_nano.a(libc_a-closer.o): in function `_close_r':
(.text._close_r+0xc): warning: _close is not implemented and will always fail
C:/ST/STM32CubeIDE_1.13.0/STM32CubeIDE/plugins/com.st.stm32cube.ide.mcu.externaltools.gnu-tools-for-stm32.11.3.rel1.win32_1.1.0.202305231506/tools/bin/../lib/gcc/arm-none-eabi/11.3.1/../../../../arm-none-eabi/bin/ld.exe: C:/ST/STM32CubeIDE_1.13.0/STM32CubeIDE/plugins/com.st.stm32cube.ide.mcu.externaltools.gnu-tools-for-stm32.11.3.rel1.win32_1.1.0.202305231506/tools/bin/../lib/gcc/arm-none-eabi/11.3.1/../../../../arm-none-eabi/lib/thumb/v7e-m+fp/hard\libc_nano.a(libc_a-lseekr.o): in function `_lseek_r':
(.text._lseek_r+0x10): warning: _lseek is not implemented and will always fail
C:/ST/STM32CubeIDE_1.13.0/STM32CubeIDE/plugins/com.st.stm32cube.ide.mcu.externaltools.gnu-tools-for-stm32.11.3.rel1.win32_1.1.0.202305231506/tools/bin/../lib/gcc/arm-none-eabi/11.3.1/../../../../arm-none-eabi/bin/ld.exe: C:/ST/STM32CubeIDE_1.13.0/STM32CubeIDE/plugins/com.st.stm32cube.ide.mcu.externaltools.gnu-tools-for-stm32.11.3.rel1.win32_1.1.0.202305231506/tools/bin/../lib/gcc/arm-none-eabi/11.3.1/../../../../arm-none-eabi/lib/thumb/v7e-m+fp/hard\libc_nano.a(libc_a-readr.o): in function `_read_r':
(.text._read_r+0x10): warning: _read is not implemented and will always fail
C:/ST/STM32CubeIDE_1.13.0/STM32CubeIDE/plugins/com.st.stm32cube.ide.mcu.externaltools.gnu-tools-for-stm32.11.3.rel1.win32_1.1.0.202305231506/tools/bin/../lib/gcc/arm-none-eabi/11.3.1/../../../../arm-none-eabi/bin/ld.exe: C:/ST/STM32CubeIDE_1.13.0/STM32CubeIDE/plugins/com.st.stm32cube.ide.mcu.externaltools.gnu-tools-for-stm32.11.3.rel1.win32_1.1.0.202305231506/tools/bin/../lib/gcc/arm-none-eabi/11.3.1/../../../../arm-none-eabi/lib/thumb/v7e-m+fp/hard\libc_nano.a(libc_a-writer.o): in function `_write_r':
(.text._write_r+0x10): warning: _write is not implemented and will always fail
Finished building target: 02-GPIO-7-Seg.elf
 
arm-none-eabi-size   02-GPIO-7-Seg.elf 
arm-none-eabi-objdump -h -S  02-GPIO-7-Seg.elf  > "02-GPIO-7-Seg.list"
   text	   data	    bss	    dec	    hex	filename
    656	      8	   1568	   2232	    8b8	02-GPIO-7-Seg.elf
Finished building: default.size.stdout
 
Finished building: 02-GPIO-7-Seg.list
 
10:00:56 **** Incremental Build of configuration Debug for project 02-GPIO-7-Seg ****
make -j4 all 
arm-none-eabi-gcc "../Src/main.c" -mcpu=cortex-m4 -std=gnu11 -g3 -DDEBUG -DSTM32 -DSTM32F401RETx -DSTM32F4 -c -I../Inc -O0 -ffunction-sections -fdata-sections -Wall -fstack-usage -fcyclomatic-complexity -MMD -MP -MF"Src/main.d" -MT"Src/main.o" --specs=nano.specs -mfpu=fpv4-sp-d16 -mfloat-abi=hard -mthumb -o "Src/main.o"
arm-none-eabi-gcc "../Src/syscalls.c" -mcpu=cortex-m4 -std=gnu11 -g3 -DDEBUG -DSTM32 -DSTM32F401RETx -DSTM32F4 -c -I../Inc -O0 -ffunction-sections -fdata-sections -Wall -fstack-usage -fcyclomatic-complexity -MMD -MP -MF"Src/syscalls.d" -MT"Src/syscalls.o" --specs=nano.specs -mfpu=fpv4-sp-d16 -mfloat-abi=hard -mthumb -o "Src/syscalls.o"
arm-none-eabi-gcc "../Src/sysmem.c" -mcpu=cortex-m4 -std=gnu11 -g3 -DDEBUG -DSTM32 -DSTM32F401RETx -DSTM32F4 -c -I../Inc -O0 -ffunction-sections -fdata-sections -Wall -fstack-usage -fcyclomatic-complexity -MMD -MP -MF"Src/sysmem.d" -MT"Src/sysmem.o" --specs=nano.specs -mfpu=fpv4-sp-d16 -mfloat-abi=hard -mthumb -o "Src/sysmem.o"
arm-none-eabi-gcc -o "02-GPIO-7-Seg.elf" @"objects.list"   -mcpu=cortex-m4 -T"D:\Engineering\Embedded\ARM_interfacing\ARM_Cortex_M4\04-APP\02-GPIO-7-Seg\STM32F401RETX_FLASH.ld" --specs=nosys.specs -Wl,-Map="02-GPIO-7-Seg.map" -Wl,--gc-sections -static --specs=nano.specs -mfpu=fpv4-sp-d16 -mfloat-abi=hard -mthumb -Wl,--start-group -lc -lm -Wl,--end-group
Finished building target: 02-GPIO-7-Seg.elf
 
arm-none-eabi-size   02-GPIO-7-Seg.elf 
arm-none-eabi-objdump -h -S  02-GPIO-7-Seg.elf  > "02-GPIO-7-Seg.list"
   text	   data	    bss	    dec	    hex	filename
    656	      8	   1568	   2232	    8b8	02-GPIO-7-Seg.elf
Finished building: default.size.stdout
 
Finished building: 02-GPIO-7-Seg.list
 
10:46:44 **** Incremental Build of configuration Debug for project 02-GPIO-7-Seg ****
make -j4 all 
arm-none-eabi-gcc "../Src/GPIO_program.c" -mcpu=cortex-m4 -std=gnu11 -g3 -DDEBUG -DSTM32 -DSTM32F401RETx -DSTM32F4 -c -I../Inc -O0 -ffunction-sections -fdata-sections -Wall -fstack-usage -fcyclomatic-complexity -MMD -MP -MF"Src/GPIO_program.d" -MT"Src/GPIO_program.o" --specs=nano.specs -mfpu=fpv4-sp-d16 -mfloat-abi=hard -mthumb -o "Src/GPIO_program.o"
arm-none-eabi-gcc "../Src/RCC_program.c" -mcpu=cortex-m4 -std=gnu11 -g3 -DDEBUG -DSTM32 -DSTM32F401RETx -DSTM32F4 -c -I../Inc -O0 -ffunction-sections -fdata-sections -Wall -fstack-usage -fcyclomatic-complexity -MMD -MP -MF"Src/RCC_program.d" -MT"Src/RCC_program.o" --specs=nano.specs -mfpu=fpv4-sp-d16 -mfloat-abi=hard -mthumb -o "Src/RCC_program.o"
arm-none-eabi-gcc "../Src/main.c" -mcpu=cortex-m4 -std=gnu11 -g3 -DDEBUG -DSTM32 -DSTM32F401RETx -DSTM32F4 -c -I../Inc -O0 -ffunction-sections -fdata-sections -Wall -fstack-usage -fcyclomatic-complexity -MMD -MP -MF"Src/main.d" -MT"Src/main.o" --specs=nano.specs -mfpu=fpv4-sp-d16 -mfloat-abi=hard -mthumb -o "Src/main.o"
arm-none-eabi-gcc "../Src/syscalls.c" -mcpu=cortex-m4 -std=gnu11 -g3 -DDEBUG -DSTM32 -DSTM32F401RETx -DSTM32F4 -c -I../Inc -O0 -ffunction-sections -fdata-sections -Wall -fstack-usage -fcyclomatic-complexity -MMD -MP -MF"Src/syscalls.d" -MT"Src/syscalls.o" --specs=nano.specs -mfpu=fpv4-sp-d16 -mfloat-abi=hard -mthumb -o "Src/syscalls.o"
../Src/main.c: In function 'main':
../Src/main.c:19:52: error: 'OUTPUT' undeclared (first use in this function)
   19 |                 GPIO_voidSetPinMode(GPIOA_PORT, i, OUTPUT);
      |                                                    ^~~~~~
../Src/main.c:19:52: note: each undeclared identifier is reported only once for each function it appears in
../Src/RCC_program.c: In function 'RCC_voidInitSysClock':
../Src/RCC_program.c:50:9: warning: implicit declaration of function 'SET_BIT' [-Wimplicit-function-declaration]
   50 |         SET_BIT(RCC_CR, RCC_HSION_bit);
      |         ^~~~~~~
../Src/RCC_program.c:52:15: warning: implicit declaration of function 'GIT_BIT' [-Wimplicit-function-declaration]
   52 |         while(GIT_BIT(RCC_CR, RCC_HSIRDY_bit));
      |               ^~~~~~~
../Src/RCC_program.c:77: error: unterminated #if
   77 | #if             RCC_PLL_Enable == 1
      | 
../Src/RCC_program.c:75:9: error: expected declaration or statement at end of input
   75 |         RCC_PLLCFGR &= RCC_CFGR_mask;
      |         ^~~~~~~~~~~
make: *** [Src/subdir.mk:31: Src/main.o] Error 1
make: *** Waiting for unfinished jobs....
In file included from ../Src/GPIO_program.c:18:
../Src/GPIO_program.c: In function 'GPIO_voidSetOutType':
../Src/../Inc/BIT_MATH.h:4:54: error: lvalue required as left operand of assignment
    4 |         #define  set_bit(var, bit_no)          (var) |= (1 << (bit_no))
      |                                                      ^~
../Src/GPIO_program.c:175:106: note: in expansion of macro 'set_bit'
  175 |                  ( copy_u8Type == LOW ) ? clr_bit( ( GPIO_bases[copy_u8PORT] -> OTYPER ), copy_u8PIN ) : set_bit( ( GPIO_bases[copy_u8PORT] -> OTYPER ), copy_u8PIN);
      |                                                                                                          ^~~~~~~
../Src/GPIO_program.c: In function 'GPIO_u8ReadData':
../Src/../Inc/BIT_MATH.h:7:68: warning: value computed is not used [-Wunused-value]
    7 |         #define  get_bit(var, bit_no)          ( (var) >> (bit_no) & (1) )
      |                                                ~~~~~~~~~~~~~~~~~~~~^~~~~~~
../Src/GPIO_program.c:244:18: note: in expansion of macro 'get_bit'
  244 |                  get_bit( ( GPIO_bases[copy_u8PORT] -> IDR ), copy_u8PIN );
      |                  ^~~~~~~
make: *** [Src/subdir.mk:31: Src/RCC_program.o] Error 1
make: *** [Src/subdir.mk:31: Src/GPIO_program.o] Error 1
"make -j4 all" terminated with exit code 2. Build might be incomplete.
10:47:59 **** Incremental Build of configuration Debug for project 02-GPIO-7-Seg ****
make -j4 all 
arm-none-eabi-gcc "../Src/GPIO_program.c" -mcpu=cortex-m4 -std=gnu11 -g3 -DDEBUG -DSTM32 -DSTM32F401RETx -DSTM32F4 -c -I../Inc -O0 -ffunction-sections -fdata-sections -Wall -fstack-usage -fcyclomatic-complexity -MMD -MP -MF"Src/GPIO_program.d" -MT"Src/GPIO_program.o" --specs=nano.specs -mfpu=fpv4-sp-d16 -mfloat-abi=hard -mthumb -o "Src/GPIO_program.o"
arm-none-eabi-gcc "../Src/RCC_program.c" -mcpu=cortex-m4 -std=gnu11 -g3 -DDEBUG -DSTM32 -DSTM32F401RETx -DSTM32F4 -c -I../Inc -O0 -ffunction-sections -fdata-sections -Wall -fstack-usage -fcyclomatic-complexity -MMD -MP -MF"Src/RCC_program.d" -MT"Src/RCC_program.o" --specs=nano.specs -mfpu=fpv4-sp-d16 -mfloat-abi=hard -mthumb -o "Src/RCC_program.o"
arm-none-eabi-gcc "../Src/main.c" -mcpu=cortex-m4 -std=gnu11 -g3 -DDEBUG -DSTM32 -DSTM32F401RETx -DSTM32F4 -c -I../Inc -O0 -ffunction-sections -fdata-sections -Wall -fstack-usage -fcyclomatic-complexity -MMD -MP -MF"Src/main.d" -MT"Src/main.o" --specs=nano.specs -mfpu=fpv4-sp-d16 -mfloat-abi=hard -mthumb -o "Src/main.o"
arm-none-eabi-gcc "../Src/sysmem.c" -mcpu=cortex-m4 -std=gnu11 -g3 -DDEBUG -DSTM32 -DSTM32F401RETx -DSTM32F4 -c -I../Inc -O0 -ffunction-sections -fdata-sections -Wall -fstack-usage -fcyclomatic-complexity -MMD -MP -MF"Src/sysmem.d" -MT"Src/sysmem.o" --specs=nano.specs -mfpu=fpv4-sp-d16 -mfloat-abi=hard -mthumb -o "Src/sysmem.o"
../Src/RCC_program.c: In function 'RCC_voidInitSysClock':
../Src/RCC_program.c:50:9: warning: implicit declaration of function 'SET_BIT' [-Wimplicit-function-declaration]
   50 |         SET_BIT(RCC_CR, RCC_HSION_bit);
      |         ^~~~~~~
../Src/RCC_program.c:52:15: warning: implicit declaration of function 'GIT_BIT' [-Wimplicit-function-declaration]
   52 |         while(GIT_BIT(RCC_CR, RCC_HSIRDY_bit));
      |               ^~~~~~~
../Src/RCC_program.c:77: error: unterminated #if
   77 | #if             RCC_PLL_Enable == 1
      | 
../Src/RCC_program.c:75:9: error: expected declaration or statement at end of input
   75 |         RCC_PLLCFGR &= RCC_CFGR_mask;
      |         ^~~~~~~~~~~
make: *** [Src/subdir.mk:31: Src/RCC_program.o] Error 1
make: *** Waiting for unfinished jobs....
In file included from ../Src/GPIO_program.c:18:
../Src/GPIO_program.c: In function 'GPIO_u8ReadData':
../Src/../Inc/BIT_MATH.h:7:68: warning: value computed is not used [-Wunused-value]
    7 |         #define  get_bit(var, bit_no)          ( (var) >> (bit_no) & (1) )
      |                                                ~~~~~~~~~~~~~~~~~~~~^~~~~~~
../Src/GPIO_program.c:244:18: note: in expansion of macro 'get_bit'
  244 |                  get_bit( ( GPIO_bases[copy_u8PORT] -> IDR ), copy_u8PIN );
      |                  ^~~~~~~
../Src/main.c: In function 'main':
../Src/main.c:19:52: error: 'OUTPUT' undeclared (first use in this function)
   19 |                 GPIO_voidSetPinMode(GPIOA_PORT, i, OUTPUT);
      |                                                    ^~~~~~
../Src/main.c:19:52: note: each undeclared identifier is reported only once for each function it appears in
make: *** [Src/subdir.mk:31: Src/main.o] Error 1
"make -j4 all" terminated with exit code 2. Build might be incomplete.
10:48:14 **** Incremental Build of configuration Debug for project 02-GPIO-7-Seg ****
make -j4 all 
arm-none-eabi-gcc "../Src/RCC_program.c" -mcpu=cortex-m4 -std=gnu11 -g3 -DDEBUG -DSTM32 -DSTM32F401RETx -DSTM32F4 -c -I../Inc -O0 -ffunction-sections -fdata-sections -Wall -fstack-usage -fcyclomatic-complexity -MMD -MP -MF"Src/RCC_program.d" -MT"Src/RCC_program.o" --specs=nano.specs -mfpu=fpv4-sp-d16 -mfloat-abi=hard -mthumb -o "Src/RCC_program.o"
arm-none-eabi-gcc "../Src/main.c" -mcpu=cortex-m4 -std=gnu11 -g3 -DDEBUG -DSTM32 -DSTM32F401RETx -DSTM32F4 -c -I../Inc -O0 -ffunction-sections -fdata-sections -Wall -fstack-usage -fcyclomatic-complexity -MMD -MP -MF"Src/main.d" -MT"Src/main.o" --specs=nano.specs -mfpu=fpv4-sp-d16 -mfloat-abi=hard -mthumb -o "Src/main.o"
../Src/RCC_program.c: In function 'RCC_voidInitSysClock':
../Src/RCC_program.c:50:9: warning: implicit declaration of function 'SET_BIT' [-Wimplicit-function-declaration]
   50 |         SET_BIT(RCC_CR, RCC_HSION_bit);
      |         ^~~~~~~
../Src/RCC_program.c:52:15: warning: implicit declaration of function 'GIT_BIT' [-Wimplicit-function-declaration]
   52 |         while(GIT_BIT(RCC_CR, RCC_HSIRDY_bit));
      |               ^~~~~~~
../Src/RCC_program.c:77: error: unterminated #if
   77 | #if             RCC_PLL_Enable == 1
      | 
../Src/RCC_program.c:75:9: error: expected declaration or statement at end of input
   75 |         RCC_PLLCFGR &= RCC_CFGR_mask;
      |         ^~~~~~~~~~~
make: *** [Src/subdir.mk:31: Src/RCC_program.o] Error 1
make: *** Waiting for unfinished jobs....
../Src/main.c: In function 'main':
../Src/main.c:19:52: error: 'OUTPUT' undeclared (first use in this function)
   19 |                 GPIO_voidSetPinMode(GPIOA_PORT, i, OUTPUT);
      |                                                    ^~~~~~
../Src/main.c:19:52: note: each undeclared identifier is reported only once for each function it appears in
make: *** [Src/subdir.mk:31: Src/main.o] Error 1
"make -j4 all" terminated with exit code 2. Build might be incomplete.
10:48:59 **** Incremental Build of configuration Debug for project 02-GPIO-7-Seg ****
make -j4 all 
[...]
Finished building: 02-GPIO-7-Seg.list
 
 
21:54:45 **** Incremental Build of configuration Debug for project 02-GPIO-7-Seg ****
make -j4 all 
arm-none-eabi-gcc "../Src/main.c" -mcpu=cortex-m4 -std=gnu11 -g3 -DDEBUG -DSTM32 -DSTM32F401RETx -DSTM32F4 -c -I../Inc -O0 -ffunction-sections -fdata-sections -Wall -fstack-usage -fcyclomatic-complexity -MMD -MP -MF"Src/main.d" -MT"Src/main.o" --specs=nano.specs -mfpu=fpv4-sp-d16 -mfloat-abi=hard -mthumb -o "Src/main.o"
../Src/main.c: In function 'main':
../Src/main.c:19:15: error: invalid suffix "b" on integer constant
   19 |         u8 n= 7b;
      |               ^~
make: *** [Src/subdir.mk:34: Src/main.o] Error 1
"make -j4 all" terminated with exit code 2. Build might be incomplete.
21:54:56 **** Incremental Build of configuration Debug for project 02-GPIO-7-Seg ****
make -j4 all 
arm-none-eabi-gcc "../Src/main.c" -mcpu=cortex-m4 -std=gnu11 -g3 -DDEBUG -DSTM32 -DSTM32F401RETx -DSTM32F4 -c -I../Inc -O0 -ffunction-sections -fdata-sections -Wall -fstack-usage -fcyclomatic-complexity -MMD -MP -MF"Src/main.d" -MT"Src/main.o" --specs=nano.specs -mfpu=fpv4-sp-d16 -mfloat-abi=hard -mthumb -o "Src/main.o"
arm-none-eabi-gcc -o "02-GPIO-7-Seg.elf" @"objects.list"   -mcpu=cortex-m4 -T"D:\Engineering\Embedded\ARM_interfacing\ARM_Cortex_M4\04-APP\02-GPIO-7-Seg\STM32F401RETX_FLASH.ld" --specs=nosys.specs -Wl,-Map="02-GPIO-7-Seg.map" -Wl,--gc-sections -static --specs=nano.specs -mfpu=fpv4-sp-d16 -mfloat-abi=hard -mthumb -Wl,--start-group -lc -lm -Wl,--end-group
Finished building target: 02-GPIO-7-Seg.elf
 
arm-none-eabi-size   02-GPIO-7-Seg.elf 
arm-none-eabi-objdump -h -S  02-GPIO-7-Seg.elf  > "02-GPIO-7-Seg.list"
   text	   data	    bss	    dec	    hex	filename
   1720	     32	   1568	   3320	    cf8	02-GPIO-7-Seg.elf
arm-none-eabi-objcopy  -O ihex  02-GPIO-7-Seg.elf  "02-GPIO-7-Seg.hex"
Finished building: default.size.stdout
 
Finished building: 02-GPIO-7-Seg.hex
Finished building: 02-GPIO-7-Seg.list
 
 
03:22:11 **** Build of configuration Debug for project 03-GPIO-LCD ****
make -j4 all 
arm-none-eabi-gcc -mcpu=cortex-m4 -g3 -DDEBUG -c -x assembler-with-cpp -MMD -MP -MF"Startup/startup_stm32f401retx.d" -MT"Startup/startup_stm32f401retx.o" --specs=nano.specs -mfpu=fpv4-sp-d16 -mfloat-abi=hard -mthumb -o "Startup/startup_stm32f401retx.o" "../Startup/startup_stm32f401retx.s"
arm-none-eabi-gcc "../Src/GPIO_program.c" -mcpu=cortex-m4 -std=gnu11 -g3 -DDEBUG -DSTM32 -DSTM32F401RETx -DSTM32F4 -c -I../Inc -O0 -ffunction-sections -fdata-sections -Wall -fstack-usage -fcyclomatic-complexity -MMD -MP -MF"Src/GPIO_program.d" -MT"Src/GPIO_program.o" --specs=nano.specs -mfpu=fpv4-sp-d16 -mfloat-abi=hard -mthumb -o "Src/GPIO_program.o"
arm-none-eabi-gcc "../Src/LCD_program.c" -mcpu=cortex-m4 -std=gnu11 -g3 -DDEBUG -DSTM32 -DSTM32F401RETx -DSTM32F4 -c -I../Inc -O0 -ffunction-sections -fdata-sections -Wall -fstack-usage -fcyclomatic-complexity -MMD -MP -MF"Src/LCD_program.d" -MT"Src/LCD_program.o" --specs=nano.specs -mfpu=fpv4-sp-d16 -mfloat-abi=hard -mthumb -o "Src/LCD_program.o"
arm-none-eabi-gcc "../Src/RCC_program.c" -mcpu=cortex-m4 -std=gnu11 -g3 -DDEBUG -DSTM32 -DSTM32F401RETx -DSTM32F4 -c -I../Inc -O0 -ffunction-sections -fdata-sections -Wall -fstack-usage -fcyclomatic-complexity -MMD -MP -MF"Src/RCC_program.d" -MT"Src/RCC_program.o" --specs=nano.specs -mfpu=fpv4-sp-d16 -mfloat-abi=hard -mthumb -o "Src/RCC_program.o"
In file included from ../Src/LCD_program.c:17:
../Src/LCD_program.c: In function 'LCD_write_data_8bit':
../Src/../Inc/LCD_config.h:29:33: error: 'DIO_REF_PORTC' undeclared (first use in this function)
   29 |         #define lcd_ctrl_port   DIO_REF_PORTC
      |                                 ^~~~~~~~~~~~~
../Src/LCD_program.c:70:28: note: in expansion of macro 'lcd_ctrl_port'
   70 |         GPIO_voidWriteData(lcd_ctrl_port, lcd_RS, HIGH);
      |                            ^~~~~~~~~~~~~
../Src/../Inc/LCD_config.h:29:33: note: each undeclared identifier is reported only once for each function it appears in
arm-none-eabi-gcc "../Src/main.c" -mcpu=cortex-m4 -std=gnu11 -g3 -DDEBUG -DSTM32 -DSTM32F401RETx -DSTM32F4 -c -I../Inc -O0 -ffunction-sections -fdata-sections -Wall -fstack-usage -fcyclomatic-complexity -MMD -MP -MF"Src/main.d" -MT"Src/main.o" --specs=nano.specs -mfpu=fpv4-sp-d16 -mfloat-abi=hard -mthumb -o "Src/main.o"
   29 |         #define lcd_ctrl_port   DIO_REF_PORTC
      |                                 ^~~~~~~~~~~~~
../Src/LCD_program.c:70:28: note: in expansion of macro 'lcd_ctrl_port'
   70 |         GPIO_voidWriteData(lcd_ctrl_port, lcd_RS, HIGH);
      |                            ^~~~~~~~~~~~~
../Src/LCD_program.c: In function 'LCD_write_cmd_8bit':
../Src/../Inc/LCD_config.h:29:33: error: 'DIO_REF_PORTC' undeclared (first use in this function)
   29 |         #define lcd_ctrl_port   DIO_REF_PORTC
      |                                 ^~~~~~~~~~~~~
../Src/LCD_program.c:97:28: note: in expansion of macro 'lcd_ctrl_port'
   97 |         GPIO_voidWriteData(lcd_ctrl_port, lcd_RS, LOW);
      |                            ^~~~~~~~~~~~~
../Src/LCD_program.c: At top level:
../Src/LCD_program.c:117:9: warning: "/*" within comment [-Wcomment]
  117 |         /*
      |          
In file included from ../Src/LCD_program.c:17:
../Src/LCD_program.c: In function 'LCD_write_data_4bit':
../Src/../Inc/LCD_config.h:29:33: error: 'DIO_REF_PORTC' undeclared (first use in this function)
   29 |         #define lcd_ctrl_port   DIO_REF_PORTC
      |                                 ^~~~~~~~~~~~~
../Src/LCD_program.c:159:28: note: in expansion of macro 'lcd_ctrl_port'
  159 |         GPIO_voidWriteData(lcd_ctrl_port, lcd_RS, HIGH);
      |                            ^~~~~~~~~~~~~
../Src/LCD_program.c: In function 'LCD_write_cmd_4bit':
../Src/../Inc/LCD_config.h:29:33: error: 'DIO_REF_PORTC' undeclared (first use in this function)
   29 |         #define lcd_ctrl_port   DIO_REF_PORTC
      |                                 ^~~~~~~~~~~~~
../Src/LCD_program.c:199:28: note: in expansion of macro 'lcd_ctrl_port'
  199 |         GPIO_voidWriteData(lcd_ctrl_port, lcd_RS, LOW);
      |                            ^~~~~~~~~~~~~
In file included from ../Src/GPIO_program.c:18:
../Src/GPIO_program.c: In function 'GPIO_u8ReadData':
../Src/../Inc/BIT_MATH.h:7:68: warning: value computed is not used [-Wunused-value]
    7 |         #define  get_bit(var, bit_no)          ( (var) >> (bit_no) & (1) )
      |                                                ~~~~~~~~~~~~~~~~~~~~^~~~~~~
../Src/GPIO_program.c:244:18: note: in expansion of macro 'get_bit'
  244 |                  get_bit( ( GPIO_bases[copy_u8PORT] -> IDR ), copy_u8PIN );
      |                  ^~~~~~~
../Src/LCD_program.c: In function 'LCD_function_set_4bit':
../Src/../Inc/LCD_config.h:29:33: error: 'DIO_REF_PORTC' undeclared (first use in this function)
   29 |         #define lcd_ctrl_port   DIO_REF_PORTC
      |                                 ^~~~~~~~~~~~~
../Src/LCD_program.c:238:28: note: in expansion of macro 'lcd_ctrl_port'
  238 |         GPIO_voidWriteData(lcd_ctrl_port, lcd_RS, LOW);
      |                            ^~~~~~~~~~~~~
../Src/LCD_program.c: At top level:
../Src/LCD_program.c:286:9: warning: "/*" within comment [-Wcomment]
  286 |         /*
      |          
In file included from ../Src/LCD_program.c:17:
../Src/LCD_program.c: In function 'LCD_init':
../Src/../Inc/LCD_config.h:27:33: error: 'DIO_REF_PORTC' undeclared (first use in this function)
   27 |         #define lcd_data_port   DIO_REF_PORTC
      |                                 ^~~~~~~~~~~~~
../Src/LCD_program.c:365:37: note: in expansion of macro 'lcd_data_port'
  365 |                 GPIO_voidSetPinMode(lcd_data_port, LCD_DataPins[i], MODE_OUTPUT);
      |                                     ^~~~~~~~~~~~~
../Src/LCD_program.c: At top level:
../Src/LCD_program.c:485:9: warning: "/*" within comment [-Wcomment]
  485 |         /*
      |          
make: *** [Src/subdir.mk:34: Src/LCD_program.o] Error 1
make: *** Waiting for unfinished jobs....
"make -j4 all" terminated with exit code 2. Build might be incomplete.
03:23:47 **** Incremental Build of configuration Debug for project 03-GPIO-LCD ****
make -j4 all 
arm-none-eabi-gcc "../Src/LCD_program.c" -mcpu=cortex-m4 -std=gnu11 -g3 -DDEBUG -DSTM32 -DSTM32F401RETx -DSTM32F4 -c -I../Inc -O0 -ffunction-sections -fdata-sections -Wall -fstack-usage -fcyclomatic-complexity -MMD -MP -MF"Src/LCD_program.d" -MT"Src/LCD_program.o" --specs=nano.specs -mfpu=fpv4-sp-d16 -mfloat-abi=hard -mthumb -o "Src/LCD_program.o"
arm-none-eabi-gcc "../Src/syscalls.c" -mcpu=cortex-m4 -std=gnu11 -g3 -DDEBUG -DSTM32 -DSTM32F401RETx -DSTM32F4 -c -I../Inc -O0 -ffunction-sections -fdata-sections -Wall -fstack-usage -fcyclomatic-complexity -MMD -MP -MF"Src/syscalls.d" -MT"Src/syscalls.o" --specs=nano.specs -mfpu=fpv4-sp-d16 -mfloat-abi=hard -mthumb -o "Src/syscalls.o"
arm-none-eabi-gcc "../Src/sysmem.c" -mcpu=cortex-m4 -std=gnu11 -g3 -DDEBUG -DSTM32 -DSTM32F401RETx -DSTM32F4 -c -I../Inc -O0 -ffunction-sections -fdata-sections -Wall -fstack-usage -fcyclomatic-complexity -MMD -MP -MF"Src/sysmem.d" -MT"Src/sysmem.o" --specs=nano.specs -mfpu=fpv4-sp-d16 -mfloat-abi=hard -mthumb -o "Src/sysmem.o"
../Src/LCD_program.c:117:9: warning: "/*" within comment [-Wcomment]
  117 |         /*
      |          
../Src/LCD_program.c:286:9: warning: "/*" within comment [-Wcomment]
  286 |         /*
      |          
../Src/LCD_program.c:485:9: warning: "/*" within comment [-Wcomment]
  485 |         /*
      |          
arm-none-eabi-gcc -o "03-GPIO-LCD.elf" @"objects.list"   -mcpu=cortex-m4 -T"D:\Engineering\Embedded\ARM_interfacing\ARM_Cortex_M4\04-APP\03-GPIO-LCD\STM32F401RETX_FLASH.ld" --specs=nosys.specs -Wl,-Map="03-GPIO-LCD.map" -Wl,--gc-sections -static --specs=nano.specs -mfpu=fpv4-sp-d16 -mfloat-abi=hard -mthumb -Wl,--start-group -lc -lm -Wl,--end-group
Finished building target: 03-GPIO-LCD.elf
 
arm-none-eabi-size   03-GPIO-LCD.elf 
arm-none-eabi-objdump -h -S  03-GPIO-LCD.elf  > "03-GPIO-LCD.list"
   text	   data	    bss	    dec	    hex	filename
    656	      8	   1568	   2232	    8b8	03-GPIO-LCD.elf
Finished building: default.size.stdout
 
Finished building: 03-GPIO-LCD.list
 
03:24:19 **** Incremental Build of configuration Debug for project 03-GPIO-LCD ****
make -j4 all 
arm-none-eabi-gcc "../Src/LCD_program.c" -mcpu=cortex-m4 -std=gnu11 -g3 -DDEBUG -DSTM32 -DSTM32F401RETx -DSTM32F4 -c -I../Inc -O0 -ffunction-sections -fdata-sections -Wall -fstack-usage -fcyclomatic-complexity -MMD -MP -MF"Src/LCD_program.d" -MT"Src/LCD_program.o" --specs=nano.specs -mfpu=fpv4-sp-d16 -mfloat-abi=hard -mthumb -o "Src/LCD_program.o"
arm-none-eabi-gcc -o "03-GPIO-LCD.elf" @"objects.list"   -mcpu=cortex-m4 -T"D:\Engineering\Embedded\ARM_interfacing\ARM_Cortex_M4\04-APP\03-GPIO-LCD\STM32F401RETX_FLASH.ld" --specs=nosys.specs -Wl,-Map="03-GPIO-LCD.map" -Wl,--gc-sections -static --specs=nano.specs -mfpu=fpv4-sp-d16 -mfloat-abi=hard -mthumb -Wl,--start-group -lc -lm -Wl,--end-group
Finished building target: 03-GPIO-LCD.elf
 
arm-none-eabi-size   03-GPIO-LCD.elf 
arm-none-eabi-objdump -h -S  03-GPIO-LCD.elf  > "03-GPIO-LCD.list"
   text	   data	    bss	    dec	    hex	filename
    656	      8	   1568	   2232	    8b8	03-GPIO-LCD.elf
Finished building: default.size.stdout
 
Finished building: 03-GPIO-LCD.list
 
03:25:14 **** Incremental Build of configuration Debug for project 03-GPIO-LCD ****
make -j4 all 
arm-none-eabi-gcc "../Src/main.c" -mcpu=cortex-m4 -std=gnu11 -g3 -DDEBUG -DSTM32 -DSTM32F401RETx -DSTM32F4 -c -I../Inc -O0 -ffunction-sections -fdata-sections -Wall -fstack-usage -fcyclomatic-complexity -MMD -MP -MF"Src/main.d" -MT"Src/main.o" --specs=nano.specs -mfpu=fpv4-sp-d16 -mfloat-abi=hard -mthumb -o "Src/main.o"
../Src/main.c: In function 'main':
../Src/main.c:11:9: warning: implicit declaration of function 'LCD_init' [-Wimplicit-function-declaration]
   11 |         LCD_init();
      |         ^~~~~~~~
../Src/main.c:12:9: warning: implicit declaration of function 'LCD_write_str' [-Wimplicit-function-declaration]
   12 |         LCD_write_str((u8*) "Hello World!");
      |         ^~~~~~~~~~~~~
../Src/main.c:12:24: error: 'u8' undeclared (first use in this function)
   12 |         LCD_write_str((u8*) "Hello World!");
      |                        ^~
../Src/main.c:12:24: note: each undeclared identifier is reported only once for each function it appears in
../Src/main.c:12:27: error: expected expression before ')' token
   12 |         LCD_write_str((u8*) "Hello World!");
      |                           ^
make: *** [Src/subdir.mk:34: Src/main.o] Error 1
"make -j4 all" terminated with exit code 2. Build might be incomplete.
03:26:39 **** Incremental Build of configuration Debug for project 03-GPIO-LCD ****
make -j4 all 
arm-none-eabi-gcc "../Src/main.c" -mcpu=cortex-m4 -std=gnu11 -g3 -DDEBUG -DSTM32 -DSTM32F401RETx -DSTM32F4 -c -I../Inc -O0 -ffunction-sections -fdata-sections -Wall -fstack-usage -fcyclomatic-complexity -MMD -MP -MF"Src/main.d" -MT"Src/main.o" --specs=nano.specs -mfpu=fpv4-sp-d16 -mfloat-abi=hard -mthumb -o "Src/main.o"
arm-none-eabi-gcc -o "03-GPIO-LCD.elf" @"objects.list"   -mcpu=cortex-m4 -T"D:\Engineering\Embedded\ARM_interfacing\ARM_Cortex_M4\04-APP\03-GPIO-LCD\STM32F401RETX_FLASH.ld" --specs=nosys.specs -Wl,-Map="03-GPIO-LCD.map" -Wl,--gc-sections -static --specs=nano.specs -mfpu=fpv4-sp-d16 -mfloat-abi=hard -mthumb -Wl,--start-group -lc -lm -Wl,--end-group
Finished building target: 03-GPIO-LCD.elf
 
arm-none-eabi-size   03-GPIO-LCD.elf 
arm-none-eabi-objdump -h -S  03-GPIO-LCD.elf  > "03-GPIO-LCD.list"
   text	   data	    bss	    dec	    hex	filename
   2080	     40	   1568	   3688	    e68	03-GPIO-LCD.elf
Finished building: default.size.stdout
 
Finished building: 03-GPIO-LCD.list
 
03:29:04 **** Incremental Build of configuration Debug for project 03-GPIO-LCD ****
make -j4 all 
arm-none-eabi-gcc -o "03-GPIO-LCD.elf" @"objects.list"   -mcpu=cortex-m4 -T"D:\Engineering\Embedded\ARM_interfacing\ARM_Cortex_M4\04-APP\03-GPIO-LCD\STM32F401RETX_FLASH.ld" --specs=nosys.specs -Wl,-Map="03-GPIO-LCD.map" -Wl,--gc-sections -static --specs=nano.specs -mfpu=fpv4-sp-d16 -mfloat-abi=hard -mthumb -Wl,--start-group -lc -lm -Wl,--end-group
Finished building target: 03-GPIO-LCD.elf
 
arm-none-eabi-size   03-GPIO-LCD.elf 
arm-none-eabi-objdump -h -S  03-GPIO-LCD.elf  > "03-GPIO-LCD.list"
   text	   data	    bss	    dec	    hex	filename
   2080	     40	   1568	   3688	    e68	03-GPIO-LCD.elf
arm-none-eabi-objcopy  -O ihex  03-GPIO-LCD.elf  "03-GPIO-LCD.hex"
Finished building: default.size.stdout
 
Finished building: 03-GPIO-LCD.list
 
Finished building: 03-GPIO-LCD.hex
 
03:29:43 **** Incremental Build of configuration Debug for project 03-GPIO-LCD ****
make -j4 all 
arm-none-eabi-gcc "../Src/RCC_program.c" -mcpu=cortex-m4 -std=gnu11 -g3 -DDEBUG -DSTM32 -DSTM32F401RETx -DSTM32F4 -c -I../Inc -O0 -ffunction-sections -fdata-sections -Wall -fstack-usage -fcyclomatic-complexity -MMD -MP -MF"Src/RCC_program.d" -MT"Src/RCC_program.o" --specs=nano.specs -mfpu=fpv4-sp-d16 -mfloat-abi=hard -mthumb -o "Src/RCC_program.o"
arm-none-eabi-gcc "../Src/main.c" -mcpu=cortex-m4 -std=gnu11 -g3 -DDEBUG -DSTM32 -DSTM32F401RETx -DSTM32F4 -c -I../Inc -O0 -ffunction-sections -fdata-sections -Wall -fstack-usage -fcyclomatic-complexity -MMD -MP -MF"Src/main.d" -MT"Src/main.o" --specs=nano.specs -mfpu=fpv4-sp-d16 -mfloat-abi=hard -mthumb -o "Src/main.o"
arm-none-eabi-gcc -o "03-GPIO-LCD.elf" @"objects.list"   -mcpu=cortex-m4 -T"D:\Engineering\Embedded\ARM_interfacing\ARM_Cortex_M4\04-APP\03-GPIO-LCD\STM32F401RETX_FLASH.ld" --specs=nosys.specs -Wl,-Map="03-GPIO-LCD.map" -Wl,--gc-sections -static --specs=nano.specs -mfpu=fpv4-sp-d16 -mfloat-abi=hard -mthumb -Wl,--start-group -lc -lm -Wl,--end-group
Finished building target: 03-GPIO-LCD.elf
 
arm-none-eabi-size   03-GPIO-LCD.elf 
arm-none-eabi-objdump -h -S  03-GPIO-LCD.elf  > "03-GPIO-LCD.list"
arm-none-eabi-objcopy  -O ihex  03-GPIO-LCD.elf  "03-GPIO-LCD.hex"
   text	   data	    bss	    dec	    hex	filename
   2236	     40	   1568	   3844	    f04	03-GPIO-LCD.elf
Finished building: default.size.stdout
 
Finished building: 03-GPIO-LCD.list
Finished building: 03-GPIO-LCD.hex
 
 
03:44:24 **** Incremental Build of configuration Debug for project 03-GPIO-LCD ****
make -j4 all 
arm-none-eabi-gcc "../Src/LCD_program.c" -mcpu=cortex-m4 -std=gnu11 -g3 -DDEBUG -DSTM32 -DSTM32F401RETx -DSTM32F4 -c -I../Inc -O0 -ffunction-sections -fdata-sections -Wall -fstack-usage -fcyclomatic-complexity -MMD -MP -MF"Src/LCD_program.d" -MT"Src/LCD_program.o" --specs=nano.specs -mfpu=fpv4-sp-d16 -mfloat-abi=hard -mthumb -o "Src/LCD_program.o"
arm-none-eabi-gcc -o "03-GPIO-LCD.elf" @"objects.list"   -mcpu=cortex-m4 -T"D:\Engineering\Embedded\ARM_interfacing\ARM_Cortex_M4\04-APP\03-GPIO-LCD\STM32F401RETX_FLASH.ld" --specs=nosys.specs -Wl,-Map="03-GPIO-LCD.map" -Wl,--gc-sections -static --specs=nano.specs -mfpu=fpv4-sp-d16 -mfloat-abi=hard -mthumb -Wl,--start-group -lc -lm -Wl,--end-group
Finished building target: 03-GPIO-LCD.elf
 
arm-none-eabi-size   03-GPIO-LCD.elf 
arm-none-eabi-objdump -h -S  03-GPIO-LCD.elf  > "03-GPIO-LCD.list"
arm-none-eabi-objcopy  -O ihex  03-GPIO-LCD.elf  "03-GPIO-LCD.hex"
   text	   data	    bss	    dec	    hex	filename
   2244	     40	   1568	   3852	    f0c	03-GPIO-LCD.elf
Finished building: default.size.stdout
 
Finished building: 03-GPIO-LCD.list
Finished building: 03-GPIO-LCD.hex
 
 
03:46:52 **** Incremental Build of configuration Debug for project 03-GPIO-LCD ****
make -j4 all 
arm-none-eabi-gcc "../Src/LCD_program.c" -mcpu=cortex-m4 -std=gnu11 -g3 -DDEBUG -DSTM32 -DSTM32F401RETx -DSTM32F4 -c -I../Inc -O0 -ffunction-sections -fdata-sections -Wall -fstack-usage -fcyclomatic-complexity -MMD -MP -MF"Src/LCD_program.d" -MT"Src/LCD_program.o" --specs=nano.specs -mfpu=fpv4-sp-d16 -mfloat-abi=hard -mthumb -o "Src/LCD_program.o"
arm-none-eabi-gcc -o "03-GPIO-LCD.elf" @"objects.list"   -mcpu=cortex-m4 -T"D:\Engineering\Embedded\ARM_interfacing\ARM_Cortex_M4\04-APP\03-GPIO-LCD\STM32F401RETX_FLASH.ld" --specs=nosys.specs -Wl,-Map="03-GPIO-LCD.map" -Wl,--gc-sections -static --specs=nano.specs -mfpu=fpv4-sp-d16 -mfloat-abi=hard -mthumb -Wl,--start-group -lc -lm -Wl,--end-group
Finished building target: 03-GPIO-LCD.elf
 
arm-none-eabi-size   03-GPIO-LCD.elf 
arm-none-eabi-objdump -h -S  03-GPIO-LCD.elf  > "03-GPIO-LCD.list"
arm-none-eabi-objcopy  -O ihex  03-GPIO-LCD.elf  "03-GPIO-LCD.hex"
   text	   data	    bss	    dec	    hex	filename
   2280	     40	   1568	   3888	    f30	03-GPIO-LCD.elf
Finished building: default.size.stdout
 
Finished building: 03-GPIO-LCD.hex
Finished building: 03-GPIO-LCD.list
 
 
03:48:46 **** Incremental Build of configuration Debug for project 03-GPIO-LCD ****
make -j4 all 
arm-none-eabi-gcc "../Src/LCD_program.c" -mcpu=cortex-m4 -std=gnu11 -g3 -DDEBUG -DSTM32 -DSTM32F401RETx -DSTM32F4 -c -I../Inc -O0 -ffunction-sections -fdata-sections -Wall -fstack-usage -fcyclomatic-complexity -MMD -MP -MF"Src/LCD_program.d" -MT"Src/LCD_program.o" --specs=nano.specs -mfpu=fpv4-sp-d16 -mfloat-abi=hard -mthumb -o "Src/LCD_program.o"
arm-none-eabi-gcc -o "03-GPIO-LCD.elf" @"objects.list"   -mcpu=cortex-m4 -T"D:\Engineering\Embedded\ARM_interfacing\ARM_Cortex_M4\04-APP\03-GPIO-LCD\STM32F401RETX_FLASH.ld" --specs=nosys.specs -Wl,-Map="03-GPIO-LCD.map" -Wl,--gc-sections -static --specs=nano.specs -mfpu=fpv4-sp-d16 -mfloat-abi=hard -mthumb -Wl,--start-group -lc -lm -Wl,--end-group
Finished building target: 03-GPIO-LCD.elf
 
arm-none-eabi-size   03-GPIO-LCD.elf 
arm-none-eabi-objdump -h -S  03-GPIO-LCD.elf  > "03-GPIO-LCD.list"
arm-none-eabi-objcopy  -O ihex  03-GPIO-LCD.elf  "03-GPIO-LCD.hex"
   text	   data	    bss	    dec	    hex	filename
   2352	     40	   1568	   3960	    f78	03-GPIO-LCD.elf
Finished building: default.size.stdout
 
Finished building: 03-GPIO-LCD.list
Finished building: 03-GPIO-LCD.hex
 
 
